Archive member included to satisfy reference by file (symbol)

/usr/lib/gcc/arm-none-eabi/13.2.0/thumb/v6-m/nofp/libgcc.a(_dvmd_tls.o)
                              CMakeFiles/PicoMemcard.dir/pico-sdk/src/rp2_common/pico_divider/divider.S.obj (__aeabi_idiv0)
/usr/lib/gcc/arm-none-eabi/13.2.0/../../../../arm-none-eabi/lib/thumb/v6-m/nofp/libc.a(libc_a-atexit.o)
                              /usr/lib/gcc/arm-none-eabi/13.2.0/../../../../arm-none-eabi/lib/thumb/v6-m/nofp/crt0.o (atexit)
/usr/lib/gcc/arm-none-eabi/13.2.0/../../../../arm-none-eabi/lib/thumb/v6-m/nofp/libc.a(libc_a-calloc.o)
                              CMakeFiles/PicoMemcard.dir/pico-sdk/src/rp2_common/pico_malloc/pico_malloc.c.obj (calloc)
/usr/lib/gcc/arm-none-eabi/13.2.0/../../../../arm-none-eabi/lib/thumb/v6-m/nofp/libc.a(libc_a-callocr.o)
                              /usr/lib/gcc/arm-none-eabi/13.2.0/../../../../arm-none-eabi/lib/thumb/v6-m/nofp/libc.a(libc_a-calloc.o) (_calloc_r)
/usr/lib/gcc/arm-none-eabi/13.2.0/../../../../arm-none-eabi/lib/thumb/v6-m/nofp/libc.a(libc_a-malloc.o)
                              CMakeFiles/PicoMemcard.dir/pico-sdk/src/rp2_common/pico_malloc/pico_malloc.c.obj (malloc)
/usr/lib/gcc/arm-none-eabi/13.2.0/../../../../arm-none-eabi/lib/thumb/v6-m/nofp/libc.a(libc_a-mallocr.o)
                              /usr/lib/gcc/arm-none-eabi/13.2.0/../../../../arm-none-eabi/lib/thumb/v6-m/nofp/libc.a(libc_a-callocr.o) (_malloc_r)
/usr/lib/gcc/arm-none-eabi/13.2.0/../../../../arm-none-eabi/lib/thumb/v6-m/nofp/libc.a(libc_a-mlock.o)
                              /usr/lib/gcc/arm-none-eabi/13.2.0/../../../../arm-none-eabi/lib/thumb/v6-m/nofp/libc.a(libc_a-mallocr.o) (__malloc_lock)
/usr/lib/gcc/arm-none-eabi/13.2.0/../../../../arm-none-eabi/lib/thumb/v6-m/nofp/libc.a(libc_a-realloc.o)
                              CMakeFiles/PicoMemcard.dir/pico-sdk/src/rp2_common/pico_malloc/pico_malloc.c.obj (realloc)
/usr/lib/gcc/arm-none-eabi/13.2.0/../../../../arm-none-eabi/lib/thumb/v6-m/nofp/libc.a(libc_a-reallocr.o)
                              /usr/lib/gcc/arm-none-eabi/13.2.0/../../../../arm-none-eabi/lib/thumb/v6-m/nofp/libc.a(libc_a-realloc.o) (_realloc_r)
/usr/lib/gcc/arm-none-eabi/13.2.0/../../../../arm-none-eabi/lib/thumb/v6-m/nofp/libc.a(libc_a-strtol.o)
                              CMakeFiles/PicoMemcard.dir/src/memcard_manager.c.obj (strtol)
/usr/lib/gcc/arm-none-eabi/13.2.0/../../../../arm-none-eabi/lib/thumb/v6-m/nofp/libc.a(libc_a-ctype_.o)
                              /usr/lib/gcc/arm-none-eabi/13.2.0/../../../../arm-none-eabi/lib/thumb/v6-m/nofp/libc.a(libc_a-strtol.o) (_ctype_)
/usr/lib/gcc/arm-none-eabi/13.2.0/../../../../arm-none-eabi/lib/thumb/v6-m/nofp/libc.a(libc_a-qsort.o)
                              CMakeFiles/PicoMemcard.dir/src/memcard_manager.c.obj (qsort)
/usr/lib/gcc/arm-none-eabi/13.2.0/../../../../arm-none-eabi/lib/thumb/v6-m/nofp/libc.a(libc_a-fflush.o)
                              CMakeFiles/PicoMemcard.dir/no-OS-FatFS-SD-SPI-RPi-Pico/FatFs_SPI/sd_driver/demo_logging.c.obj (fflush)
/usr/lib/gcc/arm-none-eabi/13.2.0/../../../../arm-none-eabi/lib/thumb/v6-m/nofp/libc.a(libc_a-findfp.o)
                              /usr/lib/gcc/arm-none-eabi/13.2.0/../../../../arm-none-eabi/lib/thumb/v6-m/nofp/libc.a(libc_a-fflush.o) (__sglue)
/usr/lib/gcc/arm-none-eabi/13.2.0/../../../../arm-none-eabi/lib/thumb/v6-m/nofp/libc.a(libc_a-fwalk.o)
                              /usr/lib/gcc/arm-none-eabi/13.2.0/../../../../arm-none-eabi/lib/thumb/v6-m/nofp/libc.a(libc_a-fflush.o) (_fwalk_sglue)
/usr/lib/gcc/arm-none-eabi/13.2.0/../../../../arm-none-eabi/lib/thumb/v6-m/nofp/libc.a(libc_a-stdio.o)
                              /usr/lib/gcc/arm-none-eabi/13.2.0/../../../../arm-none-eabi/lib/thumb/v6-m/nofp/libc.a(libc_a-findfp.o) (__sread)
/usr/lib/gcc/arm-none-eabi/13.2.0/../../../../arm-none-eabi/lib/thumb/v6-m/nofp/libc.a(libc_a-memmove.o)
                              CMakeFiles/PicoMemcard.dir/pico-sdk/lib/tinyusb/src/class/msc/msc_device.c.obj (memmove)
/usr/lib/gcc/arm-none-eabi/13.2.0/../../../../arm-none-eabi/lib/thumb/v6-m/nofp/libc.a(libc_a-strchr.o)
                              CMakeFiles/PicoMemcard.dir/no-OS-FatFS-SD-SPI-RPi-Pico/FatFs_SPI/src/ff_stdio.c.obj (strchr)
/usr/lib/gcc/arm-none-eabi/13.2.0/../../../../arm-none-eabi/lib/thumb/v6-m/nofp/libc.a(libc_a-strncpy.o)
                              CMakeFiles/PicoMemcard.dir/no-OS-FatFS-SD-SPI-RPi-Pico/FatFs_SPI/src/ff_stdio.c.obj (strncpy)
/usr/lib/gcc/arm-none-eabi/13.2.0/../../../../arm-none-eabi/lib/thumb/v6-m/nofp/libc.a(libc_a-strrchr.o)
                              CMakeFiles/PicoMemcard.dir/src/memcard_manager.c.obj (strrchr)
/usr/lib/gcc/arm-none-eabi/13.2.0/../../../../arm-none-eabi/lib/thumb/v6-m/nofp/libc.a(libc_a-strspn.o)
                              CMakeFiles/PicoMemcard.dir/src/memcard_manager.c.obj (strspn)
/usr/lib/gcc/arm-none-eabi/13.2.0/../../../../arm-none-eabi/lib/thumb/v6-m/nofp/libc.a(libc_a-strupr.o)
[...]
Memory Configuration

Name             Origin             Length             Attributes
FLASH            0x10000000         0x00200000         xr
RAM              0x20000000         0x00040000         xrw
SCRATCH_X        0x20040000         0x00001000         xrw
SCRATCH_Y        0x20041000         0x00001000         xrw
*default*        0x00000000         0xffffffff

Linker script and memory map

LOAD /usr/lib/gcc/arm-none-eabi/13.2.0/thumb/v6-m/nofp/crti.o
LOAD /usr/lib/gcc/arm-none-eabi/13.2.0/thumb/v6-m/nofp/crtbegin.o
LOAD /usr/lib/gcc/arm-none-eabi/13.2.0/../../../../arm-none-eabi/lib/thumb/v6-m/nofp/crt0.o

.flash_begin    0x10000000        0x0
                0x10000000                        __flash_binary_start = .

.boot2          0x10000000      0x100
                0x10000000                        __boot2_start__ = .
 *(.boot2)
 .boot2         0x10000000      0x100 /tmp/cckjQYQ2.o
                0x10000100                        __boot2_end__ = .
                0x00000001                        ASSERT (((__boot2_end__ - __boot2_start__) == 0x100), ERROR: Pico second stage bootloader must be 256 bytes in size)

.text           0x10000100    0x12a00
                0x10000100                        __logical_binary_start = .
 *(.vectors)
 .vectors       0x10000100       0xd4 CMakeFiles/PicoMemcard.dir/pico-sdk/src/rp2_common/pico_standard_link/crt0.S.obj
                0x10000100                __vectors
                0x10000100                __VECTOR_TABLE
                0x100001c0                isr_invalid
                0x100001c0                __default_isrs_start
                0x100001c2                isr_nmi
                0x100001c4                isr_hardfault
                0x100001c6                isr_svcall
                0x100001c8                isr_pendsv
                0x100001ca                isr_systick
                0x100001cc                isr_irq30
                0x100001cc                __unhandled_user_irq
                0x100001cc                isr_irq13
                0x100001cc                isr_irq27
                0x100001cc                isr_irq31
                0x100001cc                isr_irq5
                0x100001cc                isr_irq11
                0x100001cc                isr_irq23
                0x100001cc                isr_irq18
                0x100001cc                isr_irq28
                0x100001cc                isr_irq19
                0x100001cc                isr_irq0
                0x100001cc                isr_irq6
                0x100001cc                isr_irq22
                0x100001cc                isr_irq17
                0x100001cc                isr_irq14
                0x100001cc                isr_irq2
                0x100001cc                isr_irq10
                0x100001cc                isr_irq8
                0x100001cc                isr_irq24
                0x100001cc                isr_irq1
                0x100001cc                isr_irq7
                0x100001cc                isr_irq21
                0x100001cc                isr_irq20
                0x100001cc                isr_irq15
                0x100001cc                isr_irq25
                0x100001cc                isr_irq4
                0x100001cc                isr_irq16
                0x100001cc                isr_irq29
                0x100001cc                isr_irq26
                0x100001cc                __default_isrs_end
                0x100001cc                isr_irq3
                0x100001cc                isr_irq12
                0x100001cc                isr_irq9
                0x100001d2                unhandled_user_irq_num_in_r0
 *(.binary_info_header)
 .binary_info_header
                0x100001d4       0x14 CMakeFiles/PicoMemcard.dir/pico-sdk/src/rp2_common/pico_standard_link/crt0.S.obj
                0x100001e8                        __binary_info_header_end = .
 *(.reset)
 .reset         0x100001e8       0xa0 CMakeFiles/PicoMemcard.dir/pico-sdk/src/rp2_common/pico_standard_link/crt0.S.obj
                0x100001e8                _entry_point
 .reset         0x10000288       0x30 CMakeFiles/PicoMemcard.dir/pico-sdk/src/rp2_common/pico_standard_link/binary_info.c.obj
 *(.init)
 .init          0x100002b8        0x4 /usr/lib/gcc/arm-none-eabi/13.2.0/thumb/v6-m/nofp/crti.o
                0x100002b8                _init
 *(EXCLUDE_FILE(*libm.a: *libc.a:*lib_a-mem*.o *libgcc.a:) .text*)
 .text.frame_dummy
                0x100002bc       0x20 /usr/lib/gcc/arm-none-eabi/13.2.0/thumb/v6-m/nofp/crtbegin.o
 .text.led_init
                0x100002dc       0xdc CMakeFiles/PicoMemcard.dir/src/led.c.obj
                0x100002dc                led_init
 .text.led_output_sync_status
                0x100003b8       0x44 CMakeFiles/PicoMemcard.dir/src/led.c.obj
                0x100003b8                led_output_sync_status
 .text.led_blink_error
                0x100003fc       0x64 CMakeFiles/PicoMemcard.dir/src/led.c.obj
                0x100003fc                led_blink_error
 .text.led_output_mc_change
                0x10000460       0x38 CMakeFiles/PicoMemcard.dir/src/led.c.obj
                0x10000460                led_output_mc_change
 .text.led_output_end_mc_list
                0x10000498        0x4 CMakeFiles/PicoMemcard.dir/src/led.c.obj
                0x10000498                led_output_end_mc_list
 .text.led_output_new_mc
                0x1000049c        0x4 CMakeFiles/PicoMemcard.dir/src/led.c.obj
                0x1000049c                led_output_new_mc
 .text.startup.main
                0x100004a0       0x7c CMakeFiles/PicoMemcard.dir/src/main.c.obj
                0x100004a0                main
 .text.tud_mount_cb
                0x1000051c       0x1c CMakeFiles/PicoMemcard.dir/src/main.c.obj
                0x1000051c                tud_mount_cb
 .text.tud_umount_cb
                0x10000538        0x4 CMakeFiles/PicoMemcard.dir/src/main.c.obj
                0x10000538                tud_umount_cb
 .text.tud_suspend_cb
                0x1000053c        0x4 CMakeFiles/PicoMemcard.dir/src/main.c.obj
                0x1000053c                tud_suspend_cb
 .text.tud_resume_cb
                0x10000540        0x4 CMakeFiles/PicoMemcard.dir/src/main.c.obj
                0x10000540                tud_resume_cb
 .text.tud_cdc_line_state_cb
                0x10000544        0x4 CMakeFiles/PicoMemcard.dir/src/main.c.obj
                0x10000544                tud_cdc_line_state_cb
 .text.tud_cdc_rx_cb
                0x10000548        0x4 CMakeFiles/PicoMemcard.dir/src/main.c.obj
                0x10000548                tud_cdc_rx_cb
 .text.is_image_valid
                0x1000054c       0x70 CMakeFiles/PicoMemcard.dir/src/memcard_manager.c.obj
                0x1000054c                is_image_valid
 .text.memcard_manager_get
                0x100005bc       0xfc CMakeFiles/PicoMemcard.dir/src/memcard_manager.c.obj
                0x100005bc                memcard_manager_get
 .text.memcard_manager_get_prev_loaded_memcard_index
                0x100006b8       0x54 CMakeFiles/PicoMemcard.dir/src/memcard_manager.c.obj
                0x100006b8                memcard_manager_get_prev_loaded_memcard_index
 .text.memcard_manager_get_next
                0x1000070c      0x1cc CMakeFiles/PicoMemcard.dir/src/memcard_manager.c.obj
                0x1000070c                memcard_manager_get_next
 .text.memcard_manager_get_prev
                0x100008d8      0x1d8 CMakeFiles/PicoMemcard.dir/src/memcard_manager.c.obj
                0x100008d8                memcard_manager_get_prev
 .text.memcard_manager_create
                0x10000ab0      0x244 CMakeFiles/PicoMemcard.dir/src/memcard_manager.c.obj
                0x10000ab0                memcard_manager_create
 .text.simulate_mc_reconnect
                0x10000cf4       0xdc CMakeFiles/PicoMemcard.dir/src/memcard_simulator.c.obj
                0x10000cf4                simulate_mc_reconnect
 .text.process_memcard_cmd
                0x10000dd0      0x5e4 CMakeFiles/PicoMemcard.dir/src/memcard_simulator.c.obj
                0x10000dd0                process_memcard_cmd
 .text.process_pad_cmd
                0x100013b4       0xd0 CMakeFiles/PicoMemcard.dir/src/memcard_simulator.c.obj
                0x100013b4                process_pad_cmd
 .text.simulation_thread
                0x10001484       0x38 CMakeFiles/PicoMemcard.dir/src/memcard_simulator.c.obj
                0x10001484                simulation_thread
 .text.init_pio
                0x100014bc      0x2c4 CMakeFiles/PicoMemcard.dir/src/memcard_simulator.c.obj
                0x100014bc                init_pio
 .text.queue_sync_step
                0x10001780       0x2c CMakeFiles/PicoMemcard.dir/src/memcard_simulator.c.obj
                0x10001780                queue_sync_step
 .text.simulate_memory_card
                0x100017ac      0x2e0 CMakeFiles/PicoMemcard.dir/src/memcard_simulator.c.obj
                0x100017ac                simulate_memory_card
 .text.memory_card_init
                0x10001a8c       0x20 CMakeFiles/PicoMemcard.dir/src/memory_card.c.obj
                0x10001a8c                memory_card_init
 .text.memory_card_import
                0x10001aac       0x5c CMakeFiles/PicoMemcard.dir/src/memory_card.c.obj
                0x10001aac                memory_card_import
 .text.memory_card_is_sector_valid
                0x10001b08        0xc CMakeFiles/PicoMemcard.dir/src/memory_card.c.obj
                0x10001b08                memory_card_is_sector_valid
 .text.memory_card_get_sector_ptr
                0x10001b14       0x10 CMakeFiles/PicoMemcard.dir/src/memory_card.c.obj
                0x10001b14                memory_card_get_sector_ptr
 .text.memory_card_reset_seen_flag
                0x10001b24       0x10 CMakeFiles/PicoMemcard.dir/src/memory_card.c.obj
                0x10001b24                memory_card_reset_seen_flag
 .text.memory_card_sync_sector
                0x10001b34       0x5c CMakeFiles/PicoMemcard.dir/src/memory_card.c.obj
                0x10001b34                memory_card_sync_sector
 .text.tud_msc_inquiry_cb
                0x10001b90       0x6c CMakeFiles/PicoMemcard.dir/src/msc_handler.c.obj
                0x10001b90                tud_msc_inquiry_cb
 .text.tud_msc_test_unit_ready_cb
                0x10001bfc       0x28 CMakeFiles/PicoMemcard.dir/src/msc_handler.c.obj
                0x10001bfc                tud_msc_test_unit_ready_cb
 .text.tud_msc_capacity_cb
                0x10001c24       0x1c CMakeFiles/PicoMemcard.dir/src/msc_handler.c.obj
                0x10001c24                tud_msc_capacity_cb
 .text.tud_msc_start_stop_cb
                0x10001c40        0x4 CMakeFiles/PicoMemcard.dir/src/msc_handler.c.obj
                0x10001c40                tud_msc_start_stop_cb
 .text.tud_msc_read10_cb
                0x10001c44       0x4c CMakeFiles/PicoMemcard.dir/src/msc_handler.c.obj
                0x10001c44                tud_msc_read10_cb
 .text.tud_msc_is_writable_cb
                0x10001c90       0x10 CMakeFiles/PicoMemcard.dir/src/msc_handler.c.obj
                0x10001c90                tud_msc_is_writable_cb
 .text.tud_msc_write10_cb
                0x10001ca0       0x4c CMakeFiles/PicoMemcard.dir/src/msc_handler.c.obj
                0x10001ca0                tud_msc_write10_cb
 .text.tud_msc_scsi_cb
                0x10001cec       0x20 CMakeFiles/PicoMemcard.dir/src/msc_handler.c.obj
                0x10001cec                tud_msc_scsi_cb
 .text.spi0_dma_isr
                0x10001d0c       0x10 CMakeFiles/PicoMemcard.dir/src/sd_config.c.obj
                0x10001d0c                spi0_dma_isr
 .text.sd_get_num
                0x10001d1c        0x4 CMakeFiles/PicoMemcard.dir/src/sd_config.c.obj
                0x10001d1c                sd_get_num
 .text.sd_get_by_num
                0x10001d20       0x1c CMakeFiles/PicoMemcard.dir/src/sd_config.c.obj
                0x10001d20                sd_get_by_num
 .text.spi_get_num
                0x10001d3c        0x4 CMakeFiles/PicoMemcard.dir/src/sd_config.c.obj
                0x10001d3c                spi_get_num
 .text.spi_get_by_num
                0x10001d40       0x14 CMakeFiles/PicoMemcard.dir/src/sd_config.c.obj
                0x10001d40                spi_get_by_num
 .text.tud_descriptor_device_cb
                0x10001d54        0x8 CMakeFiles/PicoMemcard.dir/src/usb_descriptors.c.obj
                0x10001d54                tud_descriptor_device_cb
 .text.tud_descriptor_configuration_cb
                0x10001d5c        0x8 CMakeFiles/PicoMemcard.dir/src/usb_descriptors.c.obj
                0x10001d5c                tud_descriptor_configuration_cb
 .text.tud_descriptor_string_cb
                0x10001d64       0x70 CMakeFiles/PicoMemcard.dir/src/usb_descriptors.c.obj
                0x10001d64                tud_descriptor_string_cb
 .text.gpio_set_function
                0x10001dd4       0x30 CMakeFiles/PicoMemcard.dir/pico-sdk/src/rp2_common/hardware_gpio/gpio.c.obj
                0x10001dd4                gpio_set_function
 .text.gpio_set_pulls
                0x10001e04       0x24 CMakeFiles/PicoMemcard.dir/pico-sdk/src/rp2_common/hardware_gpio/gpio.c.obj
                0x10001e04                gpio_set_pulls
 .text.gpio_set_slew_rate
                0x10001e28       0x20 CMakeFiles/PicoMemcard.dir/pico-sdk/src/rp2_common/hardware_gpio/gpio.c.obj
                0x10001e28                gpio_set_slew_rate
 .text.gpio_set_drive_strength
                0x10001e48       0x20 CMakeFiles/PicoMemcard.dir/pico-sdk/src/rp2_common/hardware_gpio/gpio.c.obj
                0x10001e48                gpio_set_drive_strength
 .text.gpio_set_irq_enabled
                0x10001e68       0x54 CMakeFiles/PicoMemcard.dir/pico-sdk/src/rp2_common/hardware_gpio/gpio.c.obj
                0x10001e68                gpio_set_irq_enabled
 .text.gpio_init
                0x10001ebc       0x3c CMakeFiles/PicoMemcard.dir/pico-sdk/src/rp2_common/hardware_gpio/gpio.c.obj
                0x10001ebc                gpio_init
 .text.running_on_fpga
                0x10001ef8       0x10 CMakeFiles/PicoMemcard.dir/pico-sdk/src/rp2_common/pico_platform/platform.c.obj
                0x10001ef8                running_on_fpga
 .text.hw_claim_lock
                0x10001f08       0x18 CMakeFiles/PicoMemcard.dir/pico-sdk/src/rp2_common/hardware_claim/claim.c.obj
                0x10001f08                hw_claim_lock
 .text.hw_claim_unlock
                0x10001f20       0x14 CMakeFiles/PicoMemcard.dir/pico-sdk/src/rp2_common/hardware_claim/claim.c.obj
                0x10001f20                hw_claim_unlock
 .text.hw_claim_or_assert
                0x10001f34       0x44 CMakeFiles/PicoMemcard.dir/pico-sdk/src/rp2_common/hardware_claim/claim.c.obj
                0x10001f34                hw_claim_or_assert
 .text.hw_claim_unused_from_range
                0x10001f78       0x9c CMakeFiles/PicoMemcard.dir/pico-sdk/src/rp2_common/hardware_claim/claim.c.obj
                0x10001f78                hw_claim_unused_from_range
 .text.spin_locks_reset
                0x10002014       0x1c CMakeFiles/PicoMemcard.dir/pico-sdk/src/rp2_common/hardware_sync/sync.c.obj
                0x10002014                spin_locks_reset
 .text.next_striped_spin_lock_num
                0x10002030       0x18 CMakeFiles/PicoMemcard.dir/pico-sdk/src/rp2_common/hardware_sync/sync.c.obj
                0x10002030                next_striped_spin_lock_num
 .text.spin_lock_claim_unused
                0x10002048       0x24 CMakeFiles/PicoMemcard.dir/pico-sdk/src/rp2_common/hardware_sync/sync.c.obj
                0x10002048                spin_lock_claim_unused
 .text.irq_set_enabled
                0x1000206c       0x24 CMakeFiles/PicoMemcard.dir/pico-sdk/src/rp2_common/hardware_irq/irq.c.obj
                0x1000206c                irq_set_enabled
 .text.irq_is_enabled
                0x10002090       0x18 CMakeFiles/PicoMemcard.dir/pico-sdk/src/rp2_common/hardware_irq/irq.c.obj
                0x10002090                irq_is_enabled
 .text.irq_get_vtable_handler
                0x100020a8       0x10 CMakeFiles/PicoMemcard.dir/pico-sdk/src/rp2_common/hardware_irq/irq.c.obj
                0x100020a8                irq_get_vtable_handler
 .text.irq_set_exclusive_handler
                0x100020b8       0x54 CMakeFiles/PicoMemcard.dir/pico-sdk/src/rp2_common/hardware_irq/irq.c.obj
                0x100020b8                irq_set_exclusive_handler
 .text.irq_add_shared_handler
                0x1000210c      0x1f4 CMakeFiles/PicoMemcard.dir/pico-sdk/src/rp2_common/hardware_irq/irq.c.obj
                0x1000210c                irq_add_shared_handler
 .text.irq_remove_handler
                0x10002300      0x1c4 CMakeFiles/PicoMemcard.dir/pico-sdk/src/rp2_common/hardware_irq/irq.c.obj
                0x10002300                irq_remove_handler
 .text.irq_add_tail_to_free_list
                0x100024c4       0xb4 CMakeFiles/PicoMemcard.dir/pico-sdk/src/rp2_common/hardware_irq/irq.c.obj
                0x100024c4                irq_add_tail_to_free_list
 .text.irq_init_priorities
                0x10002578       0x24 CMakeFiles/PicoMemcard.dir/pico-sdk/src/rp2_common/hardware_irq/irq.c.obj
                0x10002578                irq_init_priorities
 .text.sem_init
                0x1000259c       0x20 CMakeFiles/PicoMemcard.dir/pico-sdk/src/common/pico_sync/sem.c.obj
                0x1000259c                sem_init
 .text.lock_init
                0x100025bc       0x10 CMakeFiles/PicoMemcard.dir/pico-sdk/src/common/pico_sync/lock_core.c.obj
                0x100025bc                lock_init
 .text.mutex_init
                0x100025cc       0x1c CMakeFiles/PicoMemcard.dir/pico-sdk/src/common/pico_sync/mutex.c.obj
                0x100025cc                mutex_init
 .text.recursive_mutex_init
                0x100025e8       0x1c CMakeFiles/PicoMemcard.dir/pico-sdk/src/common/pico_sync/mutex.c.obj
                0x100025e8                recursive_mutex_init
 .text.critical_section_init
                0x10002604       0x1c CMakeFiles/PicoMemcard.dir/pico-sdk/src/common/pico_sync/critical_section.c.obj
                0x10002604                critical_section_init
 .text.timer_pool_entry_comparator
                0x10002620       0x34 CMakeFiles/PicoMemcard.dir/pico-sdk/src/common/pico_time/time.c.obj
                0x10002620                timer_pool_entry_comparator
 .text.sleep_until_callback
                0x10002654       0x30 CMakeFiles/PicoMemcard.dir/pico-sdk/src/common/pico_time/time.c.obj
 .text.add_alarm_under_lock.isra.0
                0x10002684      0x100 CMakeFiles/PicoMemcard.dir/pico-sdk/src/common/pico_time/time.c.obj
 .text.alarm_pool_alarm_callback
                0x10002784      0x1c0 CMakeFiles/PicoMemcard.dir/pico-sdk/src/common/pico_time/time.c.obj
 .text.alarm_pool_init_default
                0x10002944       0x6c CMakeFiles/PicoMemcard.dir/pico-sdk/src/common/pico_time/time.c.obj
                0x10002944                alarm_pool_init_default
 .text.alarm_pool_add_alarm_at
                0x100029b0      0x17c CMakeFiles/PicoMemcard.dir/pico-sdk/src/common/pico_time/time.c.obj
                0x100029b0                alarm_pool_add_alarm_at
 .text.sleep_until
                0x10002b2c       0xc4 CMakeFiles/PicoMemcard.dir/pico-sdk/src/common/pico_time/time.c.obj
                0x10002b2c                sleep_until
 .text.sleep_ms
                0x10002bf0       0x38 CMakeFiles/PicoMemcard.dir/pico-sdk/src/common/pico_time/time.c.obj
                0x10002bf0                sleep_ms
 .text.best_effort_wfe_or_timeout
                0x10002c28       0xcc CMakeFiles/PicoMemcard.dir/pico-sdk/src/common/pico_time/time.c.obj
                0x10002c28                best_effort_wfe_or_timeout
 .text.hardware_alarm_irq_handler
                0x10002cf4       0xbc CMakeFiles/PicoMemcard.dir/pico-sdk/src/rp2_common/hardware_timer/timer.c.obj
 .text.hardware_alarm_claim
                0x10002db0       0x18 CMakeFiles/PicoMemcard.dir/pico-sdk/src/rp2_common/hardware_timer/timer.c.obj
                0x10002db0                hardware_alarm_claim
 .text.time_us_64
                0x10002dc8       0x14 CMakeFiles/PicoMemcard.dir/pico-sdk/src/rp2_common/hardware_timer/timer.c.obj
                0x10002dc8                time_us_64
 .text.busy_wait_us
                0x10002ddc       0x68 CMakeFiles/PicoMemcard.dir/pico-sdk/src/rp2_common/hardware_timer/timer.c.obj
                0x10002ddc                busy_wait_us
 .text.busy_wait_until
                0x10002e44       0x20 CMakeFiles/PicoMemcard.dir/pico-sdk/src/rp2_common/hardware_timer/timer.c.obj
                0x10002e44                busy_wait_until
 .text.hardware_alarm_set_callback
                0x10002e64       0x8c CMakeFiles/PicoMemcard.dir/pico-sdk/src/rp2_common/hardware_timer/timer.c.obj
                0x10002e64                hardware_alarm_set_callback
 .text.hardware_alarm_set_target
                0x10002ef0       0xd0 CMakeFiles/PicoMemcard.dir/pico-sdk/src/rp2_common/hardware_timer/timer.c.obj
                0x10002ef0                hardware_alarm_set_target
 .text.hardware_alarm_cancel
                0x10002fc0       0x3c CMakeFiles/PicoMemcard.dir/pico-sdk/src/rp2_common/hardware_timer/timer.c.obj
                0x10002fc0                hardware_alarm_cancel
 .text.ph_merge_nodes
                0x10002ffc       0x58 CMakeFiles/PicoMemcard.dir/pico-sdk/src/common/pico_util/pheap.c.obj
 .text.ph_post_alloc_init
                0x10003054       0x3c CMakeFiles/PicoMemcard.dir/pico-sdk/src/common/pico_util/pheap.c.obj
                0x10003054                ph_post_alloc_init
 .text.ph_merge_two_pass
                0x10003090       0x8c CMakeFiles/PicoMemcard.dir/pico-sdk/src/common/pico_util/pheap.c.obj
                0x10003090                ph_merge_two_pass
 .text.ph_remove_any_head
                0x1000311c      0x100 CMakeFiles/PicoMemcard.dir/pico-sdk/src/common/pico_util/pheap.c.obj
 .text.ph_remove_head
                0x1000321c      0x104 CMakeFiles/PicoMemcard.dir/pico-sdk/src/common/pico_util/pheap.c.obj
                0x1000321c                ph_remove_head
 .text.ph_remove_and_free_node
                0x10003320       0x78 CMakeFiles/PicoMemcard.dir/pico-sdk/src/common/pico_util/pheap.c.obj
                0x10003320                ph_remove_and_free_node
 .text.queue_init_with_spinlock
                0x10003398       0x24 CMakeFiles/PicoMemcard.dir/pico-sdk/src/common/pico_util/queue.c.obj
                0x10003398                queue_init_with_spinlock
 .text.queue_add_blocking
                0x100033bc       0x74 CMakeFiles/PicoMemcard.dir/pico-sdk/src/common/pico_util/queue.c.obj
                0x100033bc                queue_add_blocking
 .text.queue_remove_blocking
                0x10003430       0x74 CMakeFiles/PicoMemcard.dir/pico-sdk/src/common/pico_util/queue.c.obj
                0x10003430                queue_remove_blocking
 .text.uart_init
                0x100034a4      0x18c CMakeFiles/PicoMemcard.dir/pico-sdk/src/rp2_common/hardware_uart/uart.c.obj
                0x100034a4                uart_init
 .text.clocks_init
                0x10003630      0x2c8 CMakeFiles/PicoMemcard.dir/pico-sdk/src/rp2_common/hardware_clocks/clocks.c.obj
                0x10003630                clocks_init
 .text.clock_get_hz
                0x100038f8        0xc CMakeFiles/PicoMemcard.dir/pico-sdk/src/rp2_common/hardware_clocks/clocks.c.obj
                0x100038f8                clock_get_hz
 .text.pll_init
                0x10003904       0xa4 CMakeFiles/PicoMemcard.dir/pico-sdk/src/rp2_common/hardware_pll/pll.c.obj
                0x10003904                pll_init
 .text.watchdog_start_tick
                0x100039a8       0x10 CMakeFiles/PicoMemcard.dir/pico-sdk/src/rp2_common/hardware_watchdog/watchdog.c.obj
                0x100039a8                watchdog_start_tick
 .text.xosc_init
                0x100039b8       0x28 CMakeFiles/PicoMemcard.dir/pico-sdk/src/rp2_common/hardware_xosc/xosc.c.obj
                0x100039b8                xosc_init
 .text.runtime_init
                0x100039e0       0xf0 CMakeFiles/PicoMemcard.dir/pico-sdk/src/rp2_common/pico_runtime/runtime.c.obj
                0x100039e0                runtime_init
 .text._exit    0x10003ad0        0x4 CMakeFiles/PicoMemcard.dir/pico-sdk/src/rp2_common/pico_runtime/runtime.c.obj
                0x10003ad0                _exit
 .text._sbrk    0x10003ad4       0x34 CMakeFiles/PicoMemcard.dir/pico-sdk/src/rp2_common/pico_runtime/runtime.c.obj
                0x10003ad4                _sbrk
 .text.exit     0x10003b08        0x8 CMakeFiles/PicoMemcard.dir/pico-sdk/src/rp2_common/pico_runtime/runtime.c.obj
                0x10003b08                exit
 .text.panic    0x10003b10       0x30 CMakeFiles/PicoMemcard.dir/pico-sdk/src/rp2_common/pico_runtime/runtime.c.obj
                0x10003b10                panic
 .text.hard_assertion_failure
                0x10003b40        0xc CMakeFiles/PicoMemcard.dir/pico-sdk/src/rp2_common/pico_runtime/runtime.c.obj
                0x10003b40                hard_assertion_failure
 .text._out_buffer
                0x10003b4c        0x8 CMakeFiles/PicoMemcard.dir/pico-sdk/src/rp2_common/pico_printf/printf.c.obj
 .text._out_null
                0x10003b54        0x4 CMakeFiles/PicoMemcard.dir/pico-sdk/src/rp2_common/pico_printf/printf.c.obj
 .text._out_rev
                0x10003b58       0xac CMakeFiles/PicoMemcard.dir/pico-sdk/src/rp2_common/pico_printf/printf.c.obj
 .text._ntoa_format
                0x10003c04      0x250 CMakeFiles/PicoMemcard.dir/pico-sdk/src/rp2_common/pico_printf/printf.c.obj
 .text._out_char
                0x10003e54       0x10 CMakeFiles/PicoMemcard.dir/pico-sdk/src/rp2_common/pico_printf/printf.c.obj
 .text._out_fct
                0x10003e64       0x10 CMakeFiles/PicoMemcard.dir/pico-sdk/src/rp2_common/pico_printf/printf.c.obj
 .text._etoa    0x10003e74      0x464 CMakeFiles/PicoMemcard.dir/pico-sdk/src/rp2_common/pico_printf/printf.c.obj
 .text._ftoa    0x100042d8      0x3c0 CMakeFiles/PicoMemcard.dir/pico-sdk/src/rp2_common/pico_printf/printf.c.obj
 .text._vsnprintf
                0x10004698      0xbc8 CMakeFiles/PicoMemcard.dir/pico-sdk/src/rp2_common/pico_printf/printf.c.obj
 .text.__wrap_sprintf
                0x10005260       0x2c CMakeFiles/PicoMemcard.dir/pico-sdk/src/rp2_common/pico_printf/printf.c.obj
                0x10005260                __wrap_sprintf
 .text.__wrap_snprintf
                0x1000528c       0x28 CMakeFiles/PicoMemcard.dir/pico-sdk/src/rp2_common/pico_printf/printf.c.obj
                0x1000528c                __wrap_snprintf
 .text.__wrap_vsnprintf
                0x100052b4       0x1c CMakeFiles/PicoMemcard.dir/pico-sdk/src/rp2_common/pico_printf/printf.c.obj
                0x100052b4                __wrap_vsnprintf
 .text.vfctprintf
                0x100052d0       0x20 CMakeFiles/PicoMemcard.dir/pico-sdk/src/rp2_common/pico_printf/printf.c.obj
                0x100052d0                vfctprintf
 .text.weak_raw_vprintf
                0x100052f0       0x30 CMakeFiles/PicoMemcard.dir/pico-sdk/src/rp2_common/pico_printf/printf.c.obj
                0x100052f0                weak_raw_vprintf
 .text          0x10005320       0x10 CMakeFiles/PicoMemcard.dir/pico-sdk/src/rp2_common/pico_bit_ops/bit_ops_aeabi.S.obj
 .text.ctzsi    0x10005330        0xc CMakeFiles/PicoMemcard.dir/pico-sdk/src/rp2_common/pico_bit_ops/bit_ops_aeabi.S.obj
                0x10005330                __wrap___ctzsi2
 .text.rom_func_lookup
                0x1000533c       0x10 CMakeFiles/PicoMemcard.dir/pico-sdk/src/rp2_common/pico_bootrom/bootrom.c.obj
                0x1000533c                rom_func_lookup
 .text.rom_data_lookup
                0x1000534c       0x10 CMakeFiles/PicoMemcard.dir/pico-sdk/src/rp2_common/pico_bootrom/bootrom.c.obj
                0x1000534c                rom_data_lookup
 .text.rom_funcs_lookup
                0x1000535c       0x44 CMakeFiles/PicoMemcard.dir/pico-sdk/src/rp2_common/pico_bootrom/bootrom.c.obj
                0x1000535c                rom_funcs_lookup
 .text.__wrap___aeabi_idiv
                0x100053a0       0x50 CMakeFiles/PicoMemcard.dir/pico-sdk/src/rp2_common/pico_divider/divider.S.obj
                0x100053a0                __wrap___aeabi_idivmod
                0x100053a0                divmod_s32s32
                0x100053a0                div_s32s32
                0x100053a0                __wrap___aeabi_idiv
                0x100053a8                divmod_s32s32_unsafe
                0x100053d4                divmod_s32s32_savestate
 .text.__wrap___aeabi_uidiv
                0x100053f0       0x4c CMakeFiles/PicoMemcard.dir/pico-sdk/src/rp2_common/pico_divider/divider.S.obj
                0x100053f0                __wrap___aeabi_uidiv
                0x100053f0                __wrap___aeabi_uidivmod
                0x100053f0                div_u32u32
                0x100053f0                divmod_u32u32
                0x100053f8                divmod_u32u32_unsafe
                0x10005420                divmod_u32u32_savestate
 .text.__wrap___aeabi_ldiv
                0x1000543c      0x424 CMakeFiles/PicoMemcard.dir/pico-sdk/src/rp2_common/pico_divider/divider.S.obj
                0x1000543c                div_s64s64
                0x1000543c                divmod_s64s64
                0x1000543c                __wrap___aeabi_ldivmod
                0x1000546c                div_u64u64
                0x1000546c                divmod_u64u64
                0x1000546c                __wrap___aeabi_uldivmod
                0x1000547c                divmod_u64u64_savestate
                0x1000549c                divmod_s64s64_unsafe
                0x10005524                divmod_u64u64_unsafe
 .text.__wrap___aeabi_darithmetic
                0x10005860       0x60 CMakeFiles/PicoMemcard.dir/pico-sdk/src/rp2_common/pico_double/double_aeabi.S.obj
                0x10005860                __wrap___aeabi_drsub
                0x10005866                __wrap___aeabi_dsub
                0x10005870                __wrap___aeabi_dadd
                0x1000587a                __wrap___aeabi_ddiv
                0x100058ae                __wrap___aeabi_dmul
 .text.__wrap___aeabi_cdcmple
                0x100058c0       0x6c CMakeFiles/PicoMemcard.dir/pico-sdk/src/rp2_common/pico_double/double_aeabi.S.obj
                0x100058c0                __wrap___aeabi_cdrcmple
                0x100058d0                __wrap___aeabi_cdcmple
                0x100058d0                __wrap___aeabi_cdcmpeq
 .text.__wrap___aeabi_dcmplt
                0x1000592c        0xc CMakeFiles/PicoMemcard.dir/pico-sdk/src/rp2_common/pico_double/double_aeabi.S.obj
                0x1000592c                __wrap___aeabi_dcmplt
 .text.__wrap___aeabi_dcmpge
                0x10005938       0x10 CMakeFiles/PicoMemcard.dir/pico-sdk/src/rp2_common/pico_double/double_aeabi.S.obj
                0x10005938                __wrap___aeabi_dcmpge
 .text.__wrap___aeabi_dcmpgt
                0x10005948        0xa CMakeFiles/PicoMemcard.dir/pico-sdk/src/rp2_common/pico_double/double_aeabi.S.obj
                0x10005948                __wrap___aeabi_dcmpgt
 .text.__wrap___aeabi_dcmpun
                0x10005952       0x1c CMakeFiles/PicoMemcard.dir/pico-sdk/src/rp2_common/pico_double/double_aeabi.S.obj
                0x10005952                __wrap___aeabi_dcmpun
 *fill*         0x1000596e        0x2 
 .text.__wrap___aeabi_i2d
                0x10005970       0x38 CMakeFiles/PicoMemcard.dir/pico-sdk/src/rp2_common/pico_double/double_aeabi.S.obj
                0x10005970                __wrap___aeabi_ui2d
                0x10005978                __wrap___aeabi_i2d
 .text.__wrap___aeabi_d2iz
                0x100059a8       0x48 CMakeFiles/PicoMemcard.dir/pico-sdk/src/rp2_common/pico_double/double_aeabi.S.obj
                0x100059a8                __wrap___aeabi_d2iz
                0x100059a8                double2int_z
 .text.__wrap___aeabi_d2uiz
                0x100059f0       0x10 CMakeFiles/PicoMemcard.dir/pico-sdk/src/rp2_common/pico_double/double_aeabi.S.obj
                0x100059f0                double2uint
                0x100059f0                __wrap___aeabi_d2uiz
 .text.missing_double_func_shim
                0x10005a00        0xc CMakeFiles/PicoMemcard.dir/pico-sdk/src/rp2_common/pico_double/double_init_rom.c.obj
 .text.__aeabi_double_init
                0x10005a0c       0x94 CMakeFiles/PicoMemcard.dir/pico-sdk/src/rp2_common/pico_double/double_init_rom.c.obj
                0x10005a0c                __aeabi_double_init
 .text.double_table_shim_on_use_helper
                0x10005aa0       0x2c CMakeFiles/PicoMemcard.dir/pico-sdk/src/rp2_common/pico_double/double_v1_rom_shim.S.obj
                0x10005aa0                double_table_shim_on_use_helper
 .text.__aeabi_lmul
                0x10005acc       0x32 CMakeFiles/PicoMemcard.dir/pico-sdk/src/rp2_common/pico_int64_ops/pico_int64_ops_aeabi.S.obj
                0x10005acc                __wrap___aeabi_lmul
 *fill*         0x10005afe        0x2 
 .text.__wrap___aeabi_farithmetic
                0x10005b00       0x48 CMakeFiles/PicoMemcard.dir/pico-sdk/src/rp2_common/pico_float/float_aeabi.S.obj
                0x10005b00                __wrap___aeabi_frsub
                0x10005b06                __wrap___aeabi_fsub
                0x10005b0c                __wrap___aeabi_fadd
                0x10005b12                __wrap___aeabi_fdiv
                0x10005b3a                __wrap___aeabi_fmul
 .text.__wrap___aeabi_ui2f
                0x10005b48        0xa CMakeFiles/PicoMemcard.dir/pico-sdk/src/rp2_common/pico_float/float_aeabi.S.obj
                0x10005b48                __wrap___aeabi_ui2f
 *fill*         0x10005b52        0x2 
 .text.__wrap___aeabi_i2f
                0x10005b54       0x44 CMakeFiles/PicoMemcard.dir/pico-sdk/src/rp2_common/pico_float/float_aeabi.S.obj
                0x10005b54                __wrap___aeabi_i2f
 .text.__wrap___aeabi_f2uiz
                0x10005b98        0xc CMakeFiles/PicoMemcard.dir/pico-sdk/src/rp2_common/pico_float/float_aeabi.S.obj
                0x10005b98                __wrap___aeabi_f2uiz
 .text.missing_float_func_shim
                0x10005ba4        0xc CMakeFiles/PicoMemcard.dir/pico-sdk/src/rp2_common/pico_float/float_init_rom.c.obj
 .text.__aeabi_float_init
                0x10005bb0       0x5c CMakeFiles/PicoMemcard.dir/pico-sdk/src/rp2_common/pico_float/float_init_rom.c.obj
                0x10005bb0                __aeabi_float_init
 .text.__wrap_malloc
                0x10005c0c       0x3c CMakeFiles/PicoMemcard.dir/pico-sdk/src/rp2_common/pico_malloc/pico_malloc.c.obj
                0x10005c0c                __wrap_malloc
 .text.__wrap_calloc
                0x10005c48       0x40 CMakeFiles/PicoMemcard.dir/pico-sdk/src/rp2_common/pico_malloc/pico_malloc.c.obj
                0x10005c48                __wrap_calloc
 .text.__wrap_free
                0x10005c88       0x20 CMakeFiles/PicoMemcard.dir/pico-sdk/src/rp2_common/pico_malloc/pico_malloc.c.obj
                0x10005c88                __wrap_free
 .text          0x10005ca8       0x10 CMakeFiles/PicoMemcard.dir/pico-sdk/src/rp2_common/pico_mem_ops/mem_ops_aeabi.S.obj
                0x10005ca8                __aeabi_mem_init
 .text.memset   0x10005cb8        0xc CMakeFiles/PicoMemcard.dir/pico-sdk/src/rp2_common/pico_mem_ops/mem_ops_aeabi.S.obj
                0x10005cb8                __wrap_memset
 .text.memcpy   0x10005cc4        0xc CMakeFiles/PicoMemcard.dir/pico-sdk/src/rp2_common/pico_mem_ops/mem_ops_aeabi.S.obj
                0x10005cc4                __wrap___aeabi_memcpy
                0x10005cc4                __wrap_memcpy
 .text.stdio_out_chars_crlf
                0x10005cd0       0x94 CMakeFiles/PicoMemcard.dir/pico-sdk/src/rp2_common/pico_stdio/stdio.c.obj
 .text.stdio_buffered_printer
                0x10005d64       0x64 CMakeFiles/PicoMemcard.dir/pico-sdk/src/rp2_common/pico_stdio/stdio.c.obj
 .text.__wrap_putchar
                0x10005dc8       0x98 CMakeFiles/PicoMemcard.dir/pico-sdk/src/rp2_common/pico_stdio/stdio.c.obj
                0x10005dc8                __wrap_putchar
 .text.__wrap_puts
                0x10005e60       0xe0 CMakeFiles/PicoMemcard.dir/pico-sdk/src/rp2_common/pico_stdio/stdio.c.obj
                0x10005e60                __wrap_puts
 .text._read    0x10005f40       0x94 CMakeFiles/PicoMemcard.dir/pico-sdk/src/rp2_common/pico_stdio/stdio.c.obj
                0x10005f40                _read
 .text._write   0x10005fd4       0xb4 CMakeFiles/PicoMemcard.dir/pico-sdk/src/rp2_common/pico_stdio/stdio.c.obj
                0x10005fd4                _write
 .text._close   0x10006088        0x8 CMakeFiles/PicoMemcard.dir/pico-sdk/src/rp2_common/pico_stdio/stdio.c.obj
                0x10006088                _close
 .text._lseek   0x10006090        0x8 CMakeFiles/PicoMemcard.dir/pico-sdk/src/rp2_common/pico_stdio/stdio.c.obj
                0x10006090                _lseek
 .text.stdio_set_driver_enabled
                0x10006098       0x30 CMakeFiles/PicoMemcard.dir/pico-sdk/src/rp2_common/pico_stdio/stdio.c.obj
                0x10006098                stdio_set_driver_enabled
 .text.__wrap_vprintf
                0x100060c8       0xd4 CMakeFiles/PicoMemcard.dir/pico-sdk/src/rp2_common/pico_stdio/stdio.c.obj
                0x100060c8                __wrap_vprintf
 .text.__wrap_printf
                0x1000619c       0x18 CMakeFiles/PicoMemcard.dir/pico-sdk/src/rp2_common/pico_stdio/stdio.c.obj
                0x1000619c                __wrap_printf
 .text.stdio_init_all
                0x100061b4        0xc CMakeFiles/PicoMemcard.dir/pico-sdk/src/rp2_common/pico_stdio/stdio.c.obj
                0x100061b4                stdio_init_all
 .text.stdio_uart_out_chars
                0x100061c0       0x4c CMakeFiles/PicoMemcard.dir/pico-sdk/src/rp2_common/pico_stdio_uart/stdio_uart.c.obj
 .text.stdio_uart_in_chars
                0x1000620c       0x90 CMakeFiles/PicoMemcard.dir/pico-sdk/src/rp2_common/pico_stdio_uart/stdio_uart.c.obj
                0x1000620c                stdio_uart_in_chars
 .text.on_uart_rx
                0x1000629c       0x28 CMakeFiles/PicoMemcard.dir/pico-sdk/src/rp2_common/pico_stdio_uart/stdio_uart.c.obj
 .text.stdio_uart_set_chars_available_callback
                0x100062c4       0x8c CMakeFiles/PicoMemcard.dir/pico-sdk/src/rp2_common/pico_stdio_uart/stdio_uart.c.obj
 .text.stdio_uart_init
                0x10006350       0x48 CMakeFiles/PicoMemcard.dir/pico-sdk/src/rp2_common/pico_stdio_uart/stdio_uart.c.obj
                0x10006350                stdio_uart_init
 .text.stdio_uart_init_full
                0x10006398       0x3c CMakeFiles/PicoMemcard.dir/pico-sdk/src/rp2_common/pico_stdio_uart/stdio_uart.c.obj
                0x10006398                stdio_uart_init_full
 .text.core1_trampoline
                0x100063d4        0x4 CMakeFiles/PicoMemcard.dir/pico-sdk/src/rp2_common/pico_multicore/multicore.c.obj
 .text.core1_wrapper
                0x100063d8        0xc CMakeFiles/PicoMemcard.dir/pico-sdk/src/rp2_common/pico_multicore/multicore.c.obj
                0x100063d8                core1_wrapper
 .text.multicore_reset_core1
                0x100063e4       0x24 CMakeFiles/PicoMemcard.dir/pico-sdk/src/rp2_common/pico_multicore/multicore.c.obj
                0x100063e4                multicore_reset_core1
 .text.multicore_launch_core1_raw
                0x10006408       0x84 CMakeFiles/PicoMemcard.dir/pico-sdk/src/rp2_common/pico_multicore/multicore.c.obj
                0x10006408                multicore_launch_core1_raw
 .text.multicore_launch_core1
                0x1000648c       0x58 CMakeFiles/PicoMemcard.dir/pico-sdk/src/rp2_common/pico_multicore/multicore.c.obj
                0x1000648c                multicore_launch_core1
 .text.pio_claim_unused_sm
                0x100064e4       0x3c CMakeFiles/PicoMemcard.dir/pico-sdk/src/rp2_common/hardware_pio/pio.c.obj
                0x100064e4                pio_claim_unused_sm
 .text.pio_add_program
                0x10006520       0xf0 CMakeFiles/PicoMemcard.dir/pico-sdk/src/rp2_common/hardware_pio/pio.c.obj
                0x10006520                pio_add_program
 .text.pio_sm_set_pins_with_mask
                0x10006610       0xa8 CMakeFiles/PicoMemcard.dir/pico-sdk/src/rp2_common/hardware_pio/pio.c.obj
                0x10006610                pio_sm_set_pins_with_mask
 .text.pio_sm_set_consecutive_pindirs
                0x100066b8       0xa8 CMakeFiles/PicoMemcard.dir/pico-sdk/src/rp2_common/hardware_pio/pio.c.obj
                0x100066b8                pio_sm_set_consecutive_pindirs
 .text.pio_sm_init
                0x10006760       0x98 CMakeFiles/PicoMemcard.dir/pico-sdk/src/rp2_common/hardware_pio/pio.c.obj
                0x10006760                pio_sm_init
 .text.pio_sm_drain_tx_fifo
                0x100067f8       0x48 CMakeFiles/PicoMemcard.dir/pico-sdk/src/rp2_common/hardware_pio/pio.c.obj
                0x100067f8                pio_sm_drain_tx_fifo
 .text.dcd_int_enable
                0x10006840        0xc CMakeFiles/PicoMemcard.dir/pico-sdk/lib/tinyusb/src/portable/raspberrypi/rp2040/dcd_rp2040.c.obj
                0x10006840                dcd_int_enable
 .text.dcd_set_address
                0x1000684c       0x14 CMakeFiles/PicoMemcard.dir/pico-sdk/lib/tinyusb/src/portable/raspberrypi/rp2040/dcd_rp2040.c.obj
                0x1000684c                dcd_set_address
 .text.dcd_connect
                0x10006860       0x10 CMakeFiles/PicoMemcard.dir/pico-sdk/lib/tinyusb/src/portable/raspberrypi/rp2040/dcd_rp2040.c.obj
                0x10006860                dcd_connect
 .text.dcd_init
                0x10006870       0x98 CMakeFiles/PicoMemcard.dir/pico-sdk/lib/tinyusb/src/portable/raspberrypi/rp2040/dcd_rp2040.c.obj
                0x10006870                dcd_init
 .text.dcd_edpt0_status_complete
                0x10006908       0x1c CMakeFiles/PicoMemcard.dir/pico-sdk/lib/tinyusb/src/portable/raspberrypi/rp2040/dcd_rp2040.c.obj
                0x10006908                dcd_edpt0_status_complete
 .text.dcd_edpt_open
                0x10006924      0x108 CMakeFiles/PicoMemcard.dir/pico-sdk/lib/tinyusb/src/portable/raspberrypi/rp2040/dcd_rp2040.c.obj
                0x10006924                dcd_edpt_open
 .text.dcd_edpt_close_all
                0x10006a2c        0x8 CMakeFiles/PicoMemcard.dir/pico-sdk/lib/tinyusb/src/portable/raspberrypi/rp2040/dcd_rp2040.c.obj
                0x10006a2c                dcd_edpt_close_all
 .text.dcd_edpt_xfer
                0x10006a34       0x24 CMakeFiles/PicoMemcard.dir/pico-sdk/lib/tinyusb/src/portable/raspberrypi/rp2040/dcd_rp2040.c.obj
                0x10006a34                dcd_edpt_xfer
 .text.dcd_edpt_stall
                0x10006a58       0x34 CMakeFiles/PicoMemcard.dir/pico-sdk/lib/tinyusb/src/portable/raspberrypi/rp2040/dcd_rp2040.c.obj
                0x10006a58                dcd_edpt_stall
 .text.dcd_edpt_clear_stall
                0x10006a8c       0x30 CMakeFiles/PicoMemcard.dir/pico-sdk/lib/tinyusb/src/portable/raspberrypi/rp2040/dcd_rp2040.c.obj
                0x10006a8c                dcd_edpt_clear_stall
 .text.rp2040_usb_init
                0x10006abc       0x4c CMakeFiles/PicoMemcard.dir/pico-sdk/lib/tinyusb/src/portable/raspberrypi/rp2040/rp2040_usb.c.obj
                0x10006abc                rp2040_usb_init
 .text.hw_endpoint_xfer_start
                0x10006b08       0x40 CMakeFiles/PicoMemcard.dir/pico-sdk/lib/tinyusb/src/portable/raspberrypi/rp2040/rp2040_usb.c.obj
                0x10006b08                hw_endpoint_xfer_start
 .text.configuration_reset
                0x10006b48       0x88 CMakeFiles/PicoMemcard.dir/pico-sdk/lib/tinyusb/src/device/usbd.c.obj
 .text.tud_mounted
                0x10006bd0       0x10 CMakeFiles/PicoMemcard.dir/pico-sdk/lib/tinyusb/src/device/usbd.c.obj
                0x10006bd0                tud_mounted
 .text.tud_suspended
                0x10006be0       0x10 CMakeFiles/PicoMemcard.dir/pico-sdk/lib/tinyusb/src/device/usbd.c.obj
                0x10006be0                tud_suspended
 .text.tud_inited
                0x10006bf0       0x14 CMakeFiles/PicoMemcard.dir/pico-sdk/lib/tinyusb/src/device/usbd.c.obj
                0x10006bf0                tud_inited
 .text.tud_init
                0x10006c04       0xe0 CMakeFiles/PicoMemcard.dir/pico-sdk/lib/tinyusb/src/device/usbd.c.obj
                0x10006c04                tud_init
 .text.tud_task_ext
                0x10006ce4      0x710 CMakeFiles/PicoMemcard.dir/pico-sdk/lib/tinyusb/src/device/usbd.c.obj
                0x10006ce4                tud_task_ext
 .text.usbd_open_edpt_pair
                0x100073f4       0x9c CMakeFiles/PicoMemcard.dir/pico-sdk/lib/tinyusb/src/device/usbd.c.obj
                0x100073f4                usbd_open_edpt_pair
 .text.usbd_edpt_open
                0x10007490       0x34 CMakeFiles/PicoMemcard.dir/pico-sdk/lib/tinyusb/src/device/usbd.c.obj
                0x10007490                usbd_edpt_open
 .text.usbd_edpt_claim
                0x100074c4       0x28 CMakeFiles/PicoMemcard.dir/pico-sdk/lib/tinyusb/src/device/usbd.c.obj
                0x100074c4                usbd_edpt_claim
 .text.usbd_edpt_release
                0x100074ec       0x28 CMakeFiles/PicoMemcard.dir/pico-sdk/lib/tinyusb/src/device/usbd.c.obj
                0x100074ec                usbd_edpt_release
 .text.usbd_edpt_xfer
                0x10007514       0x4c CMakeFiles/PicoMemcard.dir/pico-sdk/lib/tinyusb/src/device/usbd.c.obj
                0x10007514                usbd_edpt_xfer
 .text.usbd_edpt_busy
                0x10007560       0x1c CMakeFiles/PicoMemcard.dir/pico-sdk/lib/tinyusb/src/device/usbd.c.obj
                0x10007560                usbd_edpt_busy
 .text.usbd_edpt_stall
                0x1000757c       0x3c CMakeFiles/PicoMemcard.dir/pico-sdk/lib/tinyusb/src/device/usbd.c.obj
                0x1000757c                usbd_edpt_stall
 .text.usbd_edpt_stalled
                0x100075b8       0x1c CMakeFiles/PicoMemcard.dir/pico-sdk/lib/tinyusb/src/device/usbd.c.obj
                0x100075b8                usbd_edpt_stalled
 .text.tud_control_status
                0x100075d4       0x2c CMakeFiles/PicoMemcard.dir/pico-sdk/lib/tinyusb/src/device/usbd_control.c.obj
                0x100075d4                tud_control_status
 .text.tud_control_xfer
                0x10007600       0xac CMakeFiles/PicoMemcard.dir/pico-sdk/lib/tinyusb/src/device/usbd_control.c.obj
                0x10007600                tud_control_xfer
 .text.usbd_control_reset
                0x100076ac       0x14 CMakeFiles/PicoMemcard.dir/pico-sdk/lib/tinyusb/src/device/usbd_control.c.obj
                0x100076ac                usbd_control_reset
 .text.usbd_control_set_complete_callback
                0x100076c0        0xc CMakeFiles/PicoMemcard.dir/pico-sdk/lib/tinyusb/src/device/usbd_control.c.obj
                0x100076c0                usbd_control_set_complete_callback
 .text.usbd_control_set_request
                0x100076cc       0x1c CMakeFiles/PicoMemcard.dir/pico-sdk/lib/tinyusb/src/device/usbd_control.c.obj
                0x100076cc                usbd_control_set_request
 .text.usbd_control_xfer_cb
                0x100076e8       0xf4 CMakeFiles/PicoMemcard.dir/pico-sdk/lib/tinyusb/src/device/usbd_control.c.obj
                0x100076e8                usbd_control_xfer_cb
 .text.tud_cdc_n_available
                0x100077dc       0x1c CMakeFiles/PicoMemcard.dir/pico-sdk/lib/tinyusb/src/class/cdc/cdc_device.c.obj
                0x100077dc                tud_cdc_n_available
 .text.tud_cdc_n_read
                0x100077f8       0x70 CMakeFiles/PicoMemcard.dir/pico-sdk/lib/tinyusb/src/class/cdc/cdc_device.c.obj
                0x100077f8                tud_cdc_n_read
 .text.tud_cdc_n_write_flush
                0x10007868       0x78 CMakeFiles/PicoMemcard.dir/pico-sdk/lib/tinyusb/src/class/cdc/cdc_device.c.obj
                0x10007868                tud_cdc_n_write_flush
 .text.tud_cdc_n_write
                0x100078e0       0x38 CMakeFiles/PicoMemcard.dir/pico-sdk/lib/tinyusb/src/class/cdc/cdc_device.c.obj
                0x100078e0                tud_cdc_n_write
 .text.cdcd_init
                0x10007918       0x70 CMakeFiles/PicoMemcard.dir/pico-sdk/lib/tinyusb/src/class/cdc/cdc_device.c.obj
                0x10007918                cdcd_init
 .text.cdcd_reset
                0x10007988       0x2c CMakeFiles/PicoMemcard.dir/pico-sdk/lib/tinyusb/src/class/cdc/cdc_device.c.obj
                0x10007988                cdcd_reset
 .text.cdcd_open
                0x100079b4       0xe0 CMakeFiles/PicoMemcard.dir/pico-sdk/lib/tinyusb/src/class/cdc/cdc_device.c.obj
                0x100079b4                cdcd_open
 .text.cdcd_control_xfer_cb
                0x10007a94       0xe4 CMakeFiles/PicoMemcard.dir/pico-sdk/lib/tinyusb/src/class/cdc/cdc_device.c.obj
                0x10007a94                cdcd_control_xfer_cb
 .text.cdcd_xfer_cb
                0x10007b78      0x138 CMakeFiles/PicoMemcard.dir/pico-sdk/lib/tinyusb/src/class/cdc/cdc_device.c.obj
                0x10007b78                cdcd_xfer_cb
 .text.fail_scsi_op.constprop.0
                0x10007cb0       0x50 CMakeFiles/PicoMemcard.dir/pico-sdk/lib/tinyusb/src/class/msc/msc_device.c.obj
 .text.proc_read10_cmd.constprop.0
                0x10007d00       0xf8 CMakeFiles/PicoMemcard.dir/pico-sdk/lib/tinyusb/src/class/msc/msc_device.c.obj
 .text.tud_msc_set_sense
                0x10007df8       0x18 CMakeFiles/PicoMemcard.dir/pico-sdk/lib/tinyusb/src/class/msc/msc_device.c.obj
                0x10007df8                tud_msc_set_sense
 .text.mscd_init
                0x10007e10       0x14 CMakeFiles/PicoMemcard.dir/pico-sdk/lib/tinyusb/src/class/msc/msc_device.c.obj
                0x10007e10                mscd_init
 .text.mscd_reset
                0x10007e24       0x14 CMakeFiles/PicoMemcard.dir/pico-sdk/lib/tinyusb/src/class/msc/msc_device.c.obj
                0x10007e24                mscd_reset
 .text.mscd_open
                0x10007e38       0x64 CMakeFiles/PicoMemcard.dir/pico-sdk/lib/tinyusb/src/class/msc/msc_device.c.obj
                0x10007e38                mscd_open
 .text.mscd_control_xfer_cb
                0x10007e9c      0x130 CMakeFiles/PicoMemcard.dir/pico-sdk/lib/tinyusb/src/class/msc/msc_device.c.obj
                0x10007e9c                mscd_control_xfer_cb
 .text.mscd_xfer_cb
                0x10007fcc      0x788 CMakeFiles/PicoMemcard.dir/pico-sdk/lib/tinyusb/src/class/msc/msc_device.c.obj
                0x10007fcc                mscd_xfer_cb
 .text.tusb_init
                0x10008754        0xc CMakeFiles/PicoMemcard.dir/pico-sdk/lib/tinyusb/src/tusb.c.obj
                0x10008754                tusb_init
 .text.tusb_inited
                0x10008760        0x8 CMakeFiles/PicoMemcard.dir/pico-sdk/lib/tinyusb/src/tusb.c.obj
                0x10008760                tusb_inited
 .text.tu_edpt_claim
                0x10008768       0x50 CMakeFiles/PicoMemcard.dir/pico-sdk/lib/tinyusb/src/tusb.c.obj
                0x10008768                tu_edpt_claim
 .text.tu_edpt_release
                0x100087b8       0x38 CMakeFiles/PicoMemcard.dir/pico-sdk/lib/tinyusb/src/tusb.c.obj
                0x100087b8                tu_edpt_release
 .text.tu_edpt_validate
                0x100087f0       0x7c CMakeFiles/PicoMemcard.dir/pico-sdk/lib/tinyusb/src/tusb.c.obj
                0x100087f0                tu_edpt_validate
 .text.tu_edpt_bind_driver
                0x1000886c       0x34 CMakeFiles/PicoMemcard.dir/pico-sdk/lib/tinyusb/src/tusb.c.obj
                0x1000886c                tu_edpt_bind_driver
 .text.tu_fifo_config
                0x100088a0       0x6c CMakeFiles/PicoMemcard.dir/pico-sdk/lib/tinyusb/src/common/tusb_fifo.c.obj
                0x100088a0                tu_fifo_config
 .text.tu_fifo_count
                0x1000890c       0x2c CMakeFiles/PicoMemcard.dir/pico-sdk/lib/tinyusb/src/common/tusb_fifo.c.obj
                0x1000890c                tu_fifo_count
 .text.tu_fifo_empty
                0x10008938       0x10 CMakeFiles/PicoMemcard.dir/pico-sdk/lib/tinyusb/src/common/tusb_fifo.c.obj
                0x10008938                tu_fifo_empty
 .text.tu_fifo_remaining
                0x10008948       0x2c CMakeFiles/PicoMemcard.dir/pico-sdk/lib/tinyusb/src/common/tusb_fifo.c.obj
                0x10008948                tu_fifo_remaining
 .text.tu_fifo_read
                0x10008974       0x9c CMakeFiles/PicoMemcard.dir/pico-sdk/lib/tinyusb/src/common/tusb_fifo.c.obj
                0x10008974                tu_fifo_read
 .text.tu_fifo_read_n
                0x10008a10       0xe8 CMakeFiles/PicoMemcard.dir/pico-sdk/lib/tinyusb/src/common/tusb_fifo.c.obj
                0x10008a10                tu_fifo_read_n
 .text.tu_fifo_write
                0x10008af8       0xa8 CMakeFiles/PicoMemcard.dir/pico-sdk/lib/tinyusb/src/common/tusb_fifo.c.obj
                0x10008af8                tu_fifo_write
 .text.tu_fifo_write_n
                0x10008ba0      0x178 CMakeFiles/PicoMemcard.dir/pico-sdk/lib/tinyusb/src/common/tusb_fifo.c.obj
                0x10008ba0                tu_fifo_write_n
 .text.tu_fifo_clear
                0x10008d18       0x40 CMakeFiles/PicoMemcard.dir/pico-sdk/lib/tinyusb/src/common/tusb_fifo.c.obj
                0x10008d18                tu_fifo_clear
 .text.tu_fifo_set_overwritable
                0x10008d58       0x48 CMakeFiles/PicoMemcard.dir/pico-sdk/lib/tinyusb/src/common/tusb_fifo.c.obj
                0x10008d58                tu_fifo_set_overwritable
 .text.board_init
                0x10008da0       0x20 CMakeFiles/PicoMemcard.dir/pico-sdk/lib/tinyusb/hw/bsp/rp2040/family.c.obj
                0x10008da0                board_init
 .text.ff_memalloc
                0x10008dc0        0x8 CMakeFiles/PicoMemcard.dir/no-OS-FatFS-SD-SPI-RPi-Pico/FatFs_SPI/ff14a/source/ffsystem.c.obj
                0x10008dc0                ff_memalloc
 .text.ff_memfree
                0x10008dc8        0x8 CMakeFiles/PicoMemcard.dir/no-OS-FatFS-SD-SPI-RPi-Pico/FatFs_SPI/ff14a/source/ffsystem.c.obj
                0x10008dc8                ff_memfree
 .text.ff_uni2oem
                0x10008dd0       0x40 CMakeFiles/PicoMemcard.dir/no-OS-FatFS-SD-SPI-RPi-Pico/FatFs_SPI/ff14a/source/ffunicode.c.obj
                0x10008dd0                ff_uni2oem
 .text.ff_oem2uni
                0x10008e10       0x2c CMakeFiles/PicoMemcard.dir/no-OS-FatFS-SD-SPI-RPi-Pico/FatFs_SPI/ff14a/source/ffunicode.c.obj
                0x10008e10                ff_oem2uni
 .text.ff_wtoupper
                0x10008e3c       0xb8 CMakeFiles/PicoMemcard.dir/no-OS-FatFS-SD-SPI-RPi-Pico/FatFs_SPI/ff14a/source/ffunicode.c.obj
                0x10008e3c                ff_wtoupper
 .text.tchar2uni
                0x10008ef4      0x100 CMakeFiles/PicoMemcard.dir/no-OS-FatFS-SD-SPI-RPi-Pico/FatFs_SPI/ff14a/source/ff.c.obj
 .text.inc_lock
                0x10008ff4      0x380 CMakeFiles/PicoMemcard.dir/no-OS-FatFS-SD-SPI-RPi-Pico/FatFs_SPI/ff14a/source/ff.c.obj
 .text.put_utf  0x10009374       0xe4 CMakeFiles/PicoMemcard.dir/no-OS-FatFS-SD-SPI-RPi-Pico/FatFs_SPI/ff14a/source/ff.c.obj
 .text.dir_clear
                0x10009458      0x184 CMakeFiles/PicoMemcard.dir/no-OS-FatFS-SD-SPI-RPi-Pico/FatFs_SPI/ff14a/source/ff.c.obj
 .text.init_alloc_info.isra.0
                0x100095dc       0x6c CMakeFiles/PicoMemcard.dir/no-OS-FatFS-SD-SPI-RPi-Pico/FatFs_SPI/ff14a/source/ff.c.obj
 .text.get_fileinfo
                0x10009648      0x32c CMakeFiles/PicoMemcard.dir/no-OS-FatFS-SD-SPI-RPi-Pico/FatFs_SPI/ff14a/source/ff.c.obj
 .text.sync_fs  0x10009974       0xfc CMakeFiles/PicoMemcard.dir/no-OS-FatFS-SD-SPI-RPi-Pico/FatFs_SPI/ff14a/source/ff.c.obj
 .text.move_window
                0x10009a70       0xc8 CMakeFiles/PicoMemcard.dir/no-OS-FatFS-SD-SPI-RPi-Pico/FatFs_SPI/ff14a/source/ff.c.obj
 .text.put_fat.part.0
                0x10009b38      0x160 CMakeFiles/PicoMemcard.dir/no-OS-FatFS-SD-SPI-RPi-Pico/FatFs_SPI/ff14a/source/ff.c.obj
 .text.get_fat  0x10009c98      0x1b0 CMakeFiles/PicoMemcard.dir/no-OS-FatFS-SD-SPI-RPi-Pico/FatFs_SPI/ff14a/source/ff.c.obj
 .text.dir_next.constprop.0
                0x10009e48       0xc4 CMakeFiles/PicoMemcard.dir/no-OS-FatFS-SD-SPI-RPi-Pico/FatFs_SPI/ff14a/source/ff.c.obj
 .text.check_fs
                0x10009f0c      0x1c0 CMakeFiles/PicoMemcard.dir/no-OS-FatFS-SD-SPI-RPi-Pico/FatFs_SPI/ff14a/source/ff.c.obj
 .text.mount_volume
                0x1000a0cc      0xb9c CMakeFiles/PicoMemcard.dir/no-OS-FatFS-SD-SPI-RPi-Pico/FatFs_SPI/ff14a/source/ff.c.obj
 .text.load_xdir
                0x1000ac68      0x290 CMakeFiles/PicoMemcard.dir/no-OS-FatFS-SD-SPI-RPi-Pico/FatFs_SPI/ff14a/source/ff.c.obj
 .text.dir_read.constprop.0
                0x1000aef8      0x55c CMakeFiles/PicoMemcard.dir/no-OS-FatFS-SD-SPI-RPi-Pico/FatFs_SPI/ff14a/source/ff.c.obj
 .text.dir_sdi  0x1000b454      0x2e0 CMakeFiles/PicoMemcard.dir/no-OS-FatFS-SD-SPI-RPi-Pico/FatFs_SPI/ff14a/source/ff.c.obj
 .text.store_xdir
                0x1000b734      0x28c CMakeFiles/PicoMemcard.dir/no-OS-FatFS-SD-SPI-RPi-Pico/FatFs_SPI/ff14a/source/ff.c.obj
 .text.dir_find
                0x1000b9c0      0x4e8 CMakeFiles/PicoMemcard.dir/no-OS-FatFS-SD-SPI-RPi-Pico/FatFs_SPI/ff14a/source/ff.c.obj
 .text.follow_path
                0x1000bea8      0x51c CMakeFiles/PicoMemcard.dir/no-OS-FatFS-SD-SPI-RPi-Pico/FatFs_SPI/ff14a/source/ff.c.obj
 .text.remove_chain
                0x1000c3c4      0x3e4 CMakeFiles/PicoMemcard.dir/no-OS-FatFS-SD-SPI-RPi-Pico/FatFs_SPI/ff14a/source/ff.c.obj
 .text.create_chain
                0x1000c7a8      0x520 CMakeFiles/PicoMemcard.dir/no-OS-FatFS-SD-SPI-RPi-Pico/FatFs_SPI/ff14a/source/ff.c.obj
 .text.dir_alloc
                0x1000ccc8      0x23c CMakeFiles/PicoMemcard.dir/no-OS-FatFS-SD-SPI-RPi-Pico/FatFs_SPI/ff14a/source/ff.c.obj
 .text.dir_register
                0x1000cf04      0xa58 CMakeFiles/PicoMemcard.dir/no-OS-FatFS-SD-SPI-RPi-Pico/FatFs_SPI/ff14a/source/ff.c.obj
 .text.f_mount  0x1000d95c      0x1c0 CMakeFiles/PicoMemcard.dir/no-OS-FatFS-SD-SPI-RPi-Pico/FatFs_SPI/ff14a/source/ff.c.obj
                0x1000d95c                f_mount
 .text.f_open   0x1000db1c      0x784 CMakeFiles/PicoMemcard.dir/no-OS-FatFS-SD-SPI-RPi-Pico/FatFs_SPI/ff14a/source/ff.c.obj
                0x1000db1c                f_open
 .text.f_read   0x1000e2a0      0x334 CMakeFiles/PicoMemcard.dir/no-OS-FatFS-SD-SPI-RPi-Pico/FatFs_SPI/ff14a/source/ff.c.obj
                0x1000e2a0                f_read
 .text.f_write  0x1000e5d4      0x39c CMakeFiles/PicoMemcard.dir/no-OS-FatFS-SD-SPI-RPi-Pico/FatFs_SPI/ff14a/source/ff.c.obj
                0x1000e5d4                f_write
 .text.f_sync   0x1000e970      0x2c8 CMakeFiles/PicoMemcard.dir/no-OS-FatFS-SD-SPI-RPi-Pico/FatFs_SPI/ff14a/source/ff.c.obj
                0x1000e970                f_sync
 .text.f_close  0x1000ec38       0x78 CMakeFiles/PicoMemcard.dir/no-OS-FatFS-SD-SPI-RPi-Pico/FatFs_SPI/ff14a/source/ff.c.obj
                0x1000ec38                f_close
 .text.f_lseek  0x1000ecb0      0x538 CMakeFiles/PicoMemcard.dir/no-OS-FatFS-SD-SPI-RPi-Pico/FatFs_SPI/ff14a/source/ff.c.obj
                0x1000ecb0                f_lseek
 .text.f_opendir
                0x1000f1e8       0xfc CMakeFiles/PicoMemcard.dir/no-OS-FatFS-SD-SPI-RPi-Pico/FatFs_SPI/ff14a/source/ff.c.obj
                0x1000f1e8                f_opendir
 .text.f_readdir
                0x1000f2e4       0x8c CMakeFiles/PicoMemcard.dir/no-OS-FatFS-SD-SPI-RPi-Pico/FatFs_SPI/ff14a/source/ff.c.obj
                0x1000f2e4                f_readdir
 .text.f_stat   0x1000f370       0x6c CMakeFiles/PicoMemcard.dir/no-OS-FatFS-SD-SPI-RPi-Pico/FatFs_SPI/ff14a/source/ff.c.obj
                0x1000f370                f_stat
 .text.f_gets   0x1000f3dc      0x208 CMakeFiles/PicoMemcard.dir/no-OS-FatFS-SD-SPI-RPi-Pico/FatFs_SPI/ff14a/source/ff.c.obj
                0x1000f3dc                f_gets
 .text.sd_spi_go_high_frequency
                0x1000f5e4       0x24 CMakeFiles/PicoMemcard.dir/no-OS-FatFS-SD-SPI-RPi-Pico/FatFs_SPI/sd_driver/sd_spi.c.obj
                0x1000f5e4                sd_spi_go_high_frequency
 .text.sd_spi_go_low_frequency
                0x1000f608       0x28 CMakeFiles/PicoMemcard.dir/no-OS-FatFS-SD-SPI-RPi-Pico/FatFs_SPI/sd_driver/sd_spi.c.obj
                0x1000f608                sd_spi_go_low_frequency
 .text.sd_spi_deselect_pulse
                0x1000f630       0x44 CMakeFiles/PicoMemcard.dir/no-OS-FatFS-SD-SPI-RPi-Pico/FatFs_SPI/sd_driver/sd_spi.c.obj
                0x1000f630                sd_spi_deselect_pulse
 .text.sd_spi_acquire
                0x1000f674       0x30 CMakeFiles/PicoMemcard.dir/no-OS-FatFS-SD-SPI-RPi-Pico/FatFs_SPI/sd_driver/sd_spi.c.obj
                0x1000f674                sd_spi_acquire
 .text.sd_spi_release
                0x1000f6a4       0x30 CMakeFiles/PicoMemcard.dir/no-OS-FatFS-SD-SPI-RPi-Pico/FatFs_SPI/sd_driver/sd_spi.c.obj
                0x1000f6a4                sd_spi_release
 .text.sd_spi_transfer
                0x1000f6d4        0xc CMakeFiles/PicoMemcard.dir/no-OS-FatFS-SD-SPI-RPi-Pico/FatFs_SPI/sd_driver/sd_spi.c.obj
                0x1000f6d4                sd_spi_transfer
 .text.sd_spi_write
                0x1000f6e0       0x44 CMakeFiles/PicoMemcard.dir/no-OS-FatFS-SD-SPI-RPi-Pico/FatFs_SPI/sd_driver/sd_spi.c.obj
                0x1000f6e0                sd_spi_write
 .text.sd_spi_send_initializing_sequence
                0x1000f724       0x7c CMakeFiles/PicoMemcard.dir/no-OS-FatFS-SD-SPI-RPi-Pico/FatFs_SPI/sd_driver/sd_spi.c.obj
                0x1000f724                sd_spi_send_initializing_sequence
 .text.spi_lock
                0x1000f7a0       0x30 CMakeFiles/PicoMemcard.dir/no-OS-FatFS-SD-SPI-RPi-Pico/FatFs_SPI/sd_driver/spi.c.obj
                0x1000f7a0                spi_lock
 .text.spi_unlock
                0x1000f7d0       0x30 CMakeFiles/PicoMemcard.dir/no-OS-FatFS-SD-SPI-RPi-Pico/FatFs_SPI/sd_driver/spi.c.obj
                0x1000f7d0                spi_unlock
 .text.my_spi_init
                0x1000f800      0x1b0 CMakeFiles/PicoMemcard.dir/no-OS-FatFS-SD-SPI-RPi-Pico/FatFs_SPI/sd_driver/spi.c.obj
                0x1000f800                my_spi_init
 .text.sd_write_block.constprop.0
                0x1000f9b0       0xd8 CMakeFiles/PicoMemcard.dir/no-OS-FatFS-SD-SPI-RPi-Pico/FatFs_SPI/sd_driver/sd_card.c.obj
 .text.sd_cmd   0x1000fa88      0x4c8 CMakeFiles/PicoMemcard.dir/no-OS-FatFS-SD-SPI-RPi-Pico/FatFs_SPI/sd_driver/sd_card.c.obj
 .text.sd_sectors_nolock
                0x1000ff50      0x260 CMakeFiles/PicoMemcard.dir/no-OS-FatFS-SD-SPI-RPi-Pico/FatFs_SPI/sd_driver/sd_card.c.obj
 .text.sd_card_detect
                0x100101b0       0x40 CMakeFiles/PicoMemcard.dir/no-OS-FatFS-SD-SPI-RPi-Pico/FatFs_SPI/sd_driver/sd_card.c.obj
                0x100101b0                sd_card_detect
 .text.sd_sectors
                0x100101f0       0x6c CMakeFiles/PicoMemcard.dir/no-OS-FatFS-SD-SPI-RPi-Pico/FatFs_SPI/sd_driver/sd_card.c.obj
                0x100101f0                sd_sectors
 .text.sd_read_blocks
                0x1001025c      0x22c CMakeFiles/PicoMemcard.dir/no-OS-FatFS-SD-SPI-RPi-Pico/FatFs_SPI/sd_driver/sd_card.c.obj
                0x1001025c                sd_read_blocks
 .text.sd_write_blocks
                0x10010488      0x164 CMakeFiles/PicoMemcard.dir/no-OS-FatFS-SD-SPI-RPi-Pico/FatFs_SPI/sd_driver/sd_card.c.obj
                0x10010488                sd_write_blocks
 .text.sd_init_driver
                0x100105ec       0xc4 CMakeFiles/PicoMemcard.dir/no-OS-FatFS-SD-SPI-RPi-Pico/FatFs_SPI/sd_driver/sd_card.c.obj
                0x100105ec                sd_init_driver
 .text.sd_init_card
                0x100106b0      0x34c CMakeFiles/PicoMemcard.dir/no-OS-FatFS-SD-SPI-RPi-Pico/FatFs_SPI/sd_driver/sd_card.c.obj
                0x100106b0                sd_init_card
 .text.crc7     0x100109fc       0x28 CMakeFiles/PicoMemcard.dir/no-OS-FatFS-SD-SPI-RPi-Pico/FatFs_SPI/sd_driver/crc.c.obj
                0x100109fc                crc7
 .text.crc16    0x10010a24       0x30 CMakeFiles/PicoMemcard.dir/no-OS-FatFS-SD-SPI-RPi-Pico/FatFs_SPI/sd_driver/crc.c.obj
                0x10010a24                crc16
 .text.disk_status
                0x10010a54       0x18 CMakeFiles/PicoMemcard.dir/no-OS-FatFS-SD-SPI-RPi-Pico/FatFs_SPI/src/glue.c.obj
                0x10010a54                disk_status
 .text.disk_initialize
                0x10010a6c       0x18 CMakeFiles/PicoMemcard.dir/no-OS-FatFS-SD-SPI-RPi-Pico/FatFs_SPI/src/glue.c.obj
                0x10010a6c                disk_initialize
 .text.disk_read
                0x10010a84       0x70 CMakeFiles/PicoMemcard.dir/no-OS-FatFS-SD-SPI-RPi-Pico/FatFs_SPI/src/glue.c.obj
                0x10010a84                disk_read
 .text.disk_write
                0x10010af4       0x70 CMakeFiles/PicoMemcard.dir/no-OS-FatFS-SD-SPI-RPi-Pico/FatFs_SPI/src/glue.c.obj
                0x10010af4                disk_write
 .text.disk_ioctl
                0x10010b64       0x3c CMakeFiles/PicoMemcard.dir/no-OS-FatFS-SD-SPI-RPi-Pico/FatFs_SPI/src/glue.c.obj
                0x10010b64                disk_ioctl
 .text.my_printf
                0x10010ba0       0x4c CMakeFiles/PicoMemcard.dir/no-OS-FatFS-SD-SPI-RPi-Pico/FatFs_SPI/src/my_debug.c.obj
                0x10010ba0                my_printf
 .text.my_assert_func
                0x10010bec       0x30 CMakeFiles/PicoMemcard.dir/no-OS-FatFS-SD-SPI-RPi-Pico/FatFs_SPI/src/my_debug.c.obj
                0x10010bec                my_assert_func
 .text.get_fattime
                0x10010c1c       0x6c CMakeFiles/PicoMemcard.dir/no-OS-FatFS-SD-SPI-RPi-Pico/FatFs_SPI/src/rtc.c.obj
                0x10010c1c                get_fattime
 .text.spi_init
                0x10010c88      0x14c CMakeFiles/PicoMemcard.dir/pico-sdk/src/rp2_common/hardware_spi/spi.c.obj
                0x10010c88                spi_init
 .text.spi_set_baudrate
                0x10010dd4       0xcc CMakeFiles/PicoMemcard.dir/pico-sdk/src/rp2_common/hardware_spi/spi.c.obj
                0x10010dd4                spi_set_baudrate
 .text.dma_claim_unused_channel
                0x10010ea0       0x24 CMakeFiles/PicoMemcard.dir/pico-sdk/src/rp2_common/hardware_dma/dma.c.obj
                0x10010ea0                dma_claim_unused_channel
 .text.rtc_get_datetime
                0x10010ec4       0x44 CMakeFiles/PicoMemcard.dir/pico-sdk/src/rp2_common/hardware_rtc/rtc.c.obj
                0x10010ec4                rtc_get_datetime
 .text.atexit   0x10010f08       0x10 /usr/lib/gcc/arm-none-eabi/13.2.0/../../../../arm-none-eabi/lib/thumb/v6-m/nofp/libc.a(libc_a-atexit.o)
                0x10010f08                atexit
 .text.calloc   0x10010f18       0x18 /usr/lib/gcc/arm-none-eabi/13.2.0/../../../../arm-none-eabi/lib/thumb/v6-m/nofp/libc.a(libc_a-calloc.o)
                0x10010f18                calloc
 .text._calloc_r
                0x10010f30       0xa8 /usr/lib/gcc/arm-none-eabi/13.2.0/../../../../arm-none-eabi/lib/thumb/v6-m/nofp/libc.a(libc_a-callocr.o)
                0x10010f30                _calloc_r
 .text.malloc   0x10010fd8       0x14 /usr/lib/gcc/arm-none-eabi/13.2.0/../../../../arm-none-eabi/lib/thumb/v6-m/nofp/libc.a(libc_a-malloc.o)
                0x10010fd8                malloc
 .text.free     0x10010fec       0x14 /usr/lib/gcc/arm-none-eabi/13.2.0/../../../../arm-none-eabi/lib/thumb/v6-m/nofp/libc.a(libc_a-malloc.o)
                0x10010fec                free
 .text._malloc_r
                0x10011000      0x5a4 /usr/lib/gcc/arm-none-eabi/13.2.0/../../../../arm-none-eabi/lib/thumb/v6-m/nofp/libc.a(libc_a-mallocr.o)
                0x10011000                _malloc_r
 .text.__malloc_lock
                0x100115a4       0x10 /usr/lib/gcc/arm-none-eabi/13.2.0/../../../../arm-none-eabi/lib/thumb/v6-m/nofp/libc.a(libc_a-mlock.o)
                0x100115a4                __malloc_lock
 .text.__malloc_unlock
                0x100115b4       0x10 /usr/lib/gcc/arm-none-eabi/13.2.0/../../../../arm-none-eabi/lib/thumb/v6-m/nofp/libc.a(libc_a-mlock.o)
                0x100115b4                __malloc_unlock
 .text._strtol_l.constprop.0
                0x100115c4      0x158 /usr/lib/gcc/arm-none-eabi/13.2.0/../../../../arm-none-eabi/lib/thumb/v6-m/nofp/libc.a(libc_a-strtol.o)
 .text.strtol   0x1001171c       0x18 /usr/lib/gcc/arm-none-eabi/13.2.0/../../../../arm-none-eabi/lib/thumb/v6-m/nofp/libc.a(libc_a-strtol.o)
                0x1001171c                strtol
 .text.qsort    0x10011734      0x5cc /usr/lib/gcc/arm-none-eabi/13.2.0/../../../../arm-none-eabi/lib/thumb/v6-m/nofp/libc.a(libc_a-qsort.o)
                0x10011734                qsort
 .text.__sflush_r
                0x10011d00      0x148 /usr/lib/gcc/arm-none-eabi/13.2.0/../../../../arm-none-eabi/lib/thumb/v6-m/nofp/libc.a(libc_a-fflush.o)
                0x10011d00                __sflush_r
 .text._fflush_r
                0x10011e48       0x68 /usr/lib/gcc/arm-none-eabi/13.2.0/../../../../arm-none-eabi/lib/thumb/v6-m/nofp/libc.a(libc_a-fflush.o)
                0x10011e48                _fflush_r
 .text.fflush   0x10011eb0       0x7c /usr/lib/gcc/arm-none-eabi/13.2.0/../../../../arm-none-eabi/lib/thumb/v6-m/nofp/libc.a(libc_a-fflush.o)
                0x10011eb0                fflush
 .text.stdio_exit_handler
                0x10011f2c       0x1c /usr/lib/gcc/arm-none-eabi/13.2.0/../../../../arm-none-eabi/lib/thumb/v6-m/nofp/libc.a(libc_a-findfp.o)
 .text.cleanup_stdio
                0x10011f48       0x3c /usr/lib/gcc/arm-none-eabi/13.2.0/../../../../arm-none-eabi/lib/thumb/v6-m/nofp/libc.a(libc_a-findfp.o)
 .text.global_stdio_init.part.0
                0x10011f84      0x118 /usr/lib/gcc/arm-none-eabi/13.2.0/../../../../arm-none-eabi/lib/thumb/v6-m/nofp/libc.a(libc_a-findfp.o)
 .text.__sinit  0x1001209c       0x38 /usr/lib/gcc/arm-none-eabi/13.2.0/../../../../arm-none-eabi/lib/thumb/v6-m/nofp/libc.a(libc_a-findfp.o)
                0x1001209c                __sinit
 .text.__sfp_lock_acquire
                0x100120d4       0x10 /usr/lib/gcc/arm-none-eabi/13.2.0/../../../../arm-none-eabi/lib/thumb/v6-m/nofp/libc.a(libc_a-findfp.o)
                0x100120d4                __sfp_lock_acquire
 .text.__sfp_lock_release
                0x100120e4       0x10 /usr/lib/gcc/arm-none-eabi/13.2.0/../../../../arm-none-eabi/lib/thumb/v6-m/nofp/libc.a(libc_a-findfp.o)
                0x100120e4                __sfp_lock_release
 .text._fwalk_sglue
                0x100120f4       0x44 /usr/lib/gcc/arm-none-eabi/13.2.0/../../../../arm-none-eabi/lib/thumb/v6-m/nofp/libc.a(libc_a-fwalk.o)
                0x100120f4                _fwalk_sglue
 .text.__sread  0x10012138       0x28 /usr/lib/gcc/arm-none-eabi/13.2.0/../../../../arm-none-eabi/lib/thumb/v6-m/nofp/libc.a(libc_a-stdio.o)
                0x10012138                __sread
 .text.__swrite
                0x10012160       0x40 /usr/lib/gcc/arm-none-eabi/13.2.0/../../../../arm-none-eabi/lib/thumb/v6-m/nofp/libc.a(libc_a-stdio.o)
                0x10012160                __swrite
 .text.__sseek  0x100121a0       0x30 /usr/lib/gcc/arm-none-eabi/13.2.0/../../../../arm-none-eabi/lib/thumb/v6-m/nofp/libc.a(libc_a-stdio.o)
                0x100121a0                __sseek
 .text.__sclose
                0x100121d0        0xc /usr/lib/gcc/arm-none-eabi/13.2.0/../../../../arm-none-eabi/lib/thumb/v6-m/nofp/libc.a(libc_a-stdio.o)
                0x100121d0                __sclose
 .text.memmove  0x100121dc       0xb0 /usr/lib/gcc/arm-none-eabi/13.2.0/../../../../arm-none-eabi/lib/thumb/v6-m/nofp/libc.a(libc_a-memmove.o)
                0x100121dc                memmove
 .text.strchr   0x1001228c       0xc4 /usr/lib/gcc/arm-none-eabi/13.2.0/../../../../arm-none-eabi/lib/thumb/v6-m/nofp/libc.a(libc_a-strchr.o)
                0x1001228c                strchr
 .text.strrchr  0x10012350       0x2c /usr/lib/gcc/arm-none-eabi/13.2.0/../../../../arm-none-eabi/lib/thumb/v6-m/nofp/libc.a(libc_a-strrchr.o)
                0x10012350                strrchr
 .text.strspn   0x1001237c       0x34 /usr/lib/gcc/arm-none-eabi/13.2.0/../../../../arm-none-eabi/lib/thumb/v6-m/nofp/libc.a(libc_a-strspn.o)
                0x1001237c                strspn
 .text.strupr   0x100123b0       0x2c /usr/lib/gcc/arm-none-eabi/13.2.0/../../../../arm-none-eabi/lib/thumb/v6-m/nofp/libc.a(libc_a-strupr.o)
                0x100123b0                strupr
 .text._close_r
                0x100123dc       0x24 /usr/lib/gcc/arm-none-eabi/13.2.0/../../../../arm-none-eabi/lib/thumb/v6-m/nofp/libc.a(libc_a-closer.o)
                0x100123dc                _close_r
 .text._lseek_r
                0x10012400       0x28 /usr/lib/gcc/arm-none-eabi/13.2.0/../../../../arm-none-eabi/lib/thumb/v6-m/nofp/libc.a(libc_a-lseekr.o)
                0x10012400                _lseek_r
 .text._read_r  0x10012428       0x28 /usr/lib/gcc/arm-none-eabi/13.2.0/../../../../arm-none-eabi/lib/thumb/v6-m/nofp/libc.a(libc_a-readr.o)
                0x10012428                _read_r
 .text._sbrk_r  0x10012450       0x24 /usr/lib/gcc/arm-none-eabi/13.2.0/../../../../arm-none-eabi/lib/thumb/v6-m/nofp/libc.a(libc_a-sbrkr.o)
                0x10012450                _sbrk_r
 .text._write_r
                0x10012474       0x28 /usr/lib/gcc/arm-none-eabi/13.2.0/../../../../arm-none-eabi/lib/thumb/v6-m/nofp/libc.a(libc_a-writer.o)
                0x10012474                _write_r
 .text.__errno  0x1001249c        0xc /usr/lib/gcc/arm-none-eabi/13.2.0/../../../../arm-none-eabi/lib/thumb/v6-m/nofp/libc.a(libc_a-errno.o)
                0x1001249c                __errno
 .text.__libc_fini_array
                0x100124a8       0x28 /usr/lib/gcc/arm-none-eabi/13.2.0/../../../../arm-none-eabi/lib/thumb/v6-m/nofp/libc.a(libc_a-fini.o)
                0x100124a8                __libc_fini_array
 .text.__retarget_lock_init_recursive
                0x100124d0        0x4 /usr/lib/gcc/arm-none-eabi/13.2.0/../../../../arm-none-eabi/lib/thumb/v6-m/nofp/libc.a(libc_a-lock.o)
                0x100124d0                __retarget_lock_init_recursive
 .text.__retarget_lock_close_recursive
                0x100124d4        0x4 /usr/lib/gcc/arm-none-eabi/13.2.0/../../../../arm-none-eabi/lib/thumb/v6-m/nofp/libc.a(libc_a-lock.o)
                0x100124d4                __retarget_lock_close_recursive
 .text.__retarget_lock_acquire_recursive
                0x100124d8        0x4 /usr/lib/gcc/arm-none-eabi/13.2.0/../../../../arm-none-eabi/lib/thumb/v6-m/nofp/libc.a(libc_a-lock.o)
                0x100124d8                __retarget_lock_acquire_recursive
 .text.__retarget_lock_release_recursive
                0x100124dc        0x4 /usr/lib/gcc/arm-none-eabi/13.2.0/../../../../arm-none-eabi/lib/thumb/v6-m/nofp/libc.a(libc_a-lock.o)
                0x100124dc                __retarget_lock_release_recursive
 .text.sysconf  0x100124e0       0x1c /usr/lib/gcc/arm-none-eabi/13.2.0/../../../../arm-none-eabi/lib/thumb/v6-m/nofp/libc.a(libc_a-sysconf.o)
                0x100124e0                sysconf
 .text          0x100124fc       0x88 /usr/lib/gcc/arm-none-eabi/13.2.0/../../../../arm-none-eabi/lib/thumb/v6-m/nofp/libc.a(libc_a-strcmp.o)
                0x100124fc                strcmp
 .text.strcpy   0x10012584       0x10 /usr/lib/gcc/arm-none-eabi/13.2.0/../../../../arm-none-eabi/lib/thumb/v6-m/nofp/libc.a(libc_a-strcpy.o)
                0x10012584                strcpy
 .text.strlen   0x10012594       0x5c /usr/lib/gcc/arm-none-eabi/13.2.0/../../../../arm-none-eabi/lib/thumb/v6-m/nofp/libc.a(libc_a-strlen-stub.o)
                0x10012594                strlen
 .text.__register_exitproc
                0x100125f0       0xa8 /usr/lib/gcc/arm-none-eabi/13.2.0/../../../../arm-none-eabi/lib/thumb/v6-m/nofp/libc.a(libc_a-__atexit.o)
                0x100125f0                __register_exitproc
 .text.startup.register_fini
                0x10012698       0x18 /usr/lib/gcc/arm-none-eabi/13.2.0/../../../../arm-none-eabi/lib/thumb/v6-m/nofp/libc.a(libc_a-__call_atexit.o)
 .text._malloc_trim_r
                0x100126b0       0xb4 /usr/lib/gcc/arm-none-eabi/13.2.0/../../../../arm-none-eabi/lib/thumb/v6-m/nofp/libc.a(libc_a-freer.o)
                0x100126b0                _malloc_trim_r
 .text._free_r  0x10012764      0x1d4 /usr/lib/gcc/arm-none-eabi/13.2.0/../../../../arm-none-eabi/lib/thumb/v6-m/nofp/libc.a(libc_a-freer.o)
                0x10012764                _free_r
 .text._fclose_r
                0x10012938       0xd0 /usr/lib/gcc/arm-none-eabi/13.2.0/../../../../arm-none-eabi/lib/thumb/v6-m/nofp/libc.a(libc_a-fclose.o)
                0x10012938                _fclose_r
 *(.fini)
 .fini          0x10012a08        0x4 /usr/lib/gcc/arm-none-eabi/13.2.0/thumb/v6-m/nofp/crti.o
                0x10012a08                _fini
 *fill*         0x10012a0c        0x4 
 .fini.__stub   0x10012a10       0xf0 linker stubs
 *crtbegin.o(.ctors)
 *crtbegin?.o(.ctors)
 *(EXCLUDE_FILE(*crtend.o *crtend?.o) .ctors)
 *(SORT_BY_NAME(.ctors.*))
 *(.ctors)
 *crtbegin.o(.dtors)
 *crtbegin?.o(.dtors)
 *(EXCLUDE_FILE(*crtend.o *crtend?.o) .dtors)
 *(SORT_BY_NAME(.dtors.*))
 *(.dtors)
 *(.eh_frame*)
 .eh_frame      0x10012b00        0x0 /usr/lib/gcc/arm-none-eabi/13.2.0/thumb/v6-m/nofp/crtbegin.o
                0x10012b00                        . = ALIGN (0x4)

.glue_7         0x10012b00        0x0
 .glue_7        0x10012b00        0x0 linker stubs

.glue_7t        0x10012b00        0x0
 .glue_7t       0x10012b00        0x0 linker stubs

.vfp11_veneer   0x10012b00        0x0
 .vfp11_veneer  0x10012b00        0x0 linker stubs

.v4_bx          0x10012b00        0x0
 .v4_bx         0x10012b00        0x0 linker stubs

.iplt           0x10012b00        0x0
 .iplt          0x10012b00        0x0 /usr/lib/gcc/arm-none-eabi/13.2.0/thumb/v6-m/nofp/crtbegin.o

.rodata         0x10012b00     0x19e4
 *(EXCLUDE_FILE(*libm.a: *libc.a:*lib_a-mem*.o *libgcc.a:) .rodata*)
 .rodata.ws2812_program
                0x10012b00        0x6 CMakeFiles/PicoMemcard.dir/src/led.c.obj
 *fill*         0x10012b06        0x2 
 .rodata.ws2812_program_instructions
                0x10012b08        0x8 CMakeFiles/PicoMemcard.dir/src/led.c.obj
 .rodata.is_name_valid.str1.4
                0x10012b10      0xc16 CMakeFiles/PicoMemcard.dir/src/memcard_manager.c.obj
                                  0xb (size before relaxing)
 .rodata.update_prev_loaded_memcard_index.str1.4
                0x10013726        0x3 CMakeFiles/PicoMemcard.dir/src/memcard_manager.c.obj
 .rodata.memcard_manager_count.str1.4
                0x10013726        0x1 CMakeFiles/PicoMemcard.dir/src/memcard_manager.c.obj
 .rodata.memcard_manager_create.str1.4
                0x10013726        0x7 CMakeFiles/PicoMemcard.dir/src/memcard_manager.c.obj
 *fill*         0x10013726        0x2 
 .rodata.memcard_lastmemcardindex_filename
                0x10013728       0x15 CMakeFiles/PicoMemcard.dir/src/memcard_manager.c.obj
 *fill*         0x1001373d        0x3 
 .rodata.memcard_file_ext
                0x10013740        0x5 CMakeFiles/PicoMemcard.dir/src/memcard_manager.c.obj
 .rodata.simulate_mc_reconnect.str1.4
                0x10013745       0x23 CMakeFiles/PicoMemcard.dir/src/memcard_simulator.c.obj
 .rodata.process_memcard_cmd.str1.4
                0x10013745       0x29 CMakeFiles/PicoMemcard.dir/src/memcard_simulator.c.obj
 .rodata.simulate_memory_card.str1.4
                0x10013745       0x34 CMakeFiles/PicoMemcard.dir/src/memcard_simulator.c.obj
 *fill*         0x10013745        0x3 
 .rodata.id_data
                0x10013748        0x4 CMakeFiles/PicoMemcard.dir/src/memcard_simulator.c.obj
                0x10013748                id_data
 .rodata.dat_writer_program
                0x1001374c        0x6 CMakeFiles/PicoMemcard.dir/src/memcard_simulator.c.obj
 *fill*         0x10013752        0x2 
 .rodata.dat_writer_program_instructions
                0x10013754       0x12 CMakeFiles/PicoMemcard.dir/src/memcard_simulator.c.obj
 *fill*         0x10013766        0x2 
 .rodata.dat_reader_program
                0x10013768        0x6 CMakeFiles/PicoMemcard.dir/src/memcard_simulator.c.obj
 *fill*         0x1001376e        0x2 
 .rodata.dat_reader_program_instructions
                0x10013770        0x8 CMakeFiles/PicoMemcard.dir/src/memcard_simulator.c.obj
 .rodata.cmd_reader_program
                0x10013778        0x6 CMakeFiles/PicoMemcard.dir/src/memcard_simulator.c.obj
 *fill*         0x1001377e        0x2 
 .rodata.cmd_reader_program_instructions
                0x10013780        0xa CMakeFiles/PicoMemcard.dir/src/memcard_simulator.c.obj
 .rodata.tud_msc_inquiry_cb.str1.4
                0x1001378a       0x15 CMakeFiles/PicoMemcard.dir/src/msc_handler.c.obj
 .rodata.str1.4
                0x1001378a        0x3 CMakeFiles/PicoMemcard.dir/src/sd_config.c.obj
 .rodata.str1.4
                0x1001378a       0x4c CMakeFiles/PicoMemcard.dir/src/usb_descriptors.c.obj
 *fill*         0x1001378a        0x2 
 .rodata.__compound_literal.0
                0x1001378c        0x2 CMakeFiles/PicoMemcard.dir/src/usb_descriptors.c.obj
 *fill*         0x1001378e        0x2 
 .rodata.desc_fs_configuration
                0x10013790       0x62 CMakeFiles/PicoMemcard.dir/src/usb_descriptors.c.obj
                0x10013790                desc_fs_configuration
 *fill*         0x100137f2        0x2 
 .rodata.desc_device
                0x100137f4       0x12 CMakeFiles/PicoMemcard.dir/src/usb_descriptors.c.obj
                0x100137f4                desc_device
 .rodata.spin_lock_claim_unused.str1.4
                0x10013806       0x1b CMakeFiles/PicoMemcard.dir/pico-sdk/src/rp2_common/hardware_sync/sync.c.obj
 *fill*         0x10013806        0x2 
 .rodata.at_the_end_of_time
                0x10013808        0x8 CMakeFiles/PicoMemcard.dir/pico-sdk/src/common/pico_time/time.c.obj
                0x10013808                at_the_end_of_time
 .rodata.hardware_alarm_claim.str1.4
                0x10013810       0x22 CMakeFiles/PicoMemcard.dir/pico-sdk/src/rp2_common/hardware_timer/timer.c.obj
 .rodata.panic.str1.4
                0x10013810       0x12 CMakeFiles/PicoMemcard.dir/pico-sdk/src/rp2_common/pico_runtime/runtime.c.obj
 .rodata.hard_assertion_failure.str1.4
                0x10013810        0xc CMakeFiles/PicoMemcard.dir/pico-sdk/src/rp2_common/pico_runtime/runtime.c.obj
 .rodata._ftoa.str1.4
                0x10013810       0x15 CMakeFiles/PicoMemcard.dir/pico-sdk/src/rp2_common/pico_printf/printf.c.obj
 .rodata._vsnprintf
                0x10013810      0x19c CMakeFiles/PicoMemcard.dir/pico-sdk/src/rp2_common/pico_printf/printf.c.obj
 *fill*         0x100139ac        0x4 
 .rodata.pow10.0
                0x100139b0       0x50 CMakeFiles/PicoMemcard.dir/pico-sdk/src/rp2_common/pico_printf/printf.c.obj
 .rodata.missing_double_func_shim.str1.4
                0x10013a00       0x18 CMakeFiles/PicoMemcard.dir/pico-sdk/src/rp2_common/pico_double/double_init_rom.c.obj
 .rodata.missing_float_func_shim.str1.4
                0x10013a00        0x1 CMakeFiles/PicoMemcard.dir/pico-sdk/src/rp2_common/pico_float/float_init_rom.c.obj
 .rodata.__wrap_malloc.str1.4
                0x10013a00        0xe CMakeFiles/PicoMemcard.dir/pico-sdk/src/rp2_common/pico_malloc/pico_malloc.c.obj
 .rodata.str1.4
                0x10013a00       0x58 CMakeFiles/PicoMemcard.dir/pico-sdk/src/rp2_common/pico_standard_link/binary_info.c.obj
 .rodata.__bi_81
                0x10013a00        0xc CMakeFiles/PicoMemcard.dir/pico-sdk/src/rp2_common/pico_standard_link/binary_info.c.obj
 .rodata.__bi_75
                0x10013a0c        0xc CMakeFiles/PicoMemcard.dir/pico-sdk/src/rp2_common/pico_standard_link/binary_info.c.obj
 .rodata.__bi_44
                0x10013a18        0xc CMakeFiles/PicoMemcard.dir/pico-sdk/src/rp2_common/pico_standard_link/binary_info.c.obj
 .rodata.crlf_str.0
                0x10013a24        0x2 CMakeFiles/PicoMemcard.dir/pico-sdk/src/rp2_common/pico_stdio/stdio.c.obj
 .rodata.str1.4
                0x10013a26       0x2c CMakeFiles/PicoMemcard.dir/pico-sdk/src/rp2_common/pico_stdio_uart/stdio_uart.c.obj
 *fill*         0x10013a26        0x2 
 .rodata.__bi_33.4
                0x10013a28        0xc CMakeFiles/PicoMemcard.dir/pico-sdk/src/rp2_common/pico_stdio_uart/stdio_uart.c.obj
 .rodata.__bi_34.5
                0x10013a34        0x8 CMakeFiles/PicoMemcard.dir/pico-sdk/src/rp2_common/pico_stdio_uart/stdio_uart.c.obj
 .rodata.pio_claim_unused_sm.str1.4
                0x10013a3c       0x24 CMakeFiles/PicoMemcard.dir/pico-sdk/src/rp2_common/hardware_pio/pio.c.obj
 .rodata.pio_add_program.str1.4
                0x10013a3c       0x11 CMakeFiles/PicoMemcard.dir/pico-sdk/src/rp2_common/hardware_pio/pio.c.obj
 .rodata.str1.4
                0x10013a3c       0x14 CMakeFiles/PicoMemcard.dir/pico-sdk/lib/tinyusb/src/portable/raspberrypi/rp2040/dcd_rp2040.c.obj
 .rodata.str1.4
                0x10013a3c       0x53 CMakeFiles/PicoMemcard.dir/pico-sdk/lib/tinyusb/src/portable/raspberrypi/rp2040/rp2040_usb.c.obj
 .rodata.tud_task_ext
                0x10013a3c       0x8c CMakeFiles/PicoMemcard.dir/pico-sdk/lib/tinyusb/src/device/usbd.c.obj
 .rodata._usbd_driver
                0x10013ac8       0x30 CMakeFiles/PicoMemcard.dir/pico-sdk/lib/tinyusb/src/device/usbd.c.obj
 .rodata.mscd_xfer_cb
                0x10013af8       0x98 CMakeFiles/PicoMemcard.dir/pico-sdk/lib/tinyusb/src/class/msc/msc_device.c.obj
 .rodata.__bi_152.0
                0x10013b90        0x8 CMakeFiles/PicoMemcard.dir/pico-sdk/lib/tinyusb/hw/bsp/rp2040/family.c.obj
 .rodata.ff_wtoupper
                0x10013b98       0x24 CMakeFiles/PicoMemcard.dir/no-OS-FatFS-SD-SPI-RPi-Pico/FatFs_SPI/ff14a/source/ffunicode.c.obj
 .rodata.cvt2.0
                0x10013bbc       0xbc CMakeFiles/PicoMemcard.dir/no-OS-FatFS-SD-SPI-RPi-Pico/FatFs_SPI/ff14a/source/ffunicode.c.obj
 .rodata.cvt1.1
                0x10013c78      0x1f2 CMakeFiles/PicoMemcard.dir/no-OS-FatFS-SD-SPI-RPi-Pico/FatFs_SPI/ff14a/source/ffunicode.c.obj
 *fill*         0x10013e6a        0x2 
 .rodata.uc437  0x10013e6c      0x100 CMakeFiles/PicoMemcard.dir/no-OS-FatFS-SD-SPI-RPi-Pico/FatFs_SPI/ff14a/source/ffunicode.c.obj
 .rodata.follow_path.str1.4
                0x10013f6c       0x13 CMakeFiles/PicoMemcard.dir/no-OS-FatFS-SD-SPI-RPi-Pico/FatFs_SPI/ff14a/source/ff.c.obj
 .rodata.ExCvt  0x10013f6c       0x80 CMakeFiles/PicoMemcard.dir/no-OS-FatFS-SD-SPI-RPi-Pico/FatFs_SPI/ff14a/source/ff.c.obj
 .rodata.LfnOfs
                0x10013fec        0xd CMakeFiles/PicoMemcard.dir/no-OS-FatFS-SD-SPI-RPi-Pico/FatFs_SPI/ff14a/source/ff.c.obj
 .rodata.sd_spi_go_high_frequency.str1.4
                0x10013ff9       0x1b CMakeFiles/PicoMemcard.dir/no-OS-FatFS-SD-SPI-RPi-Pico/FatFs_SPI/sd_driver/sd_spi.c.obj
 .rodata.sd_spi_write.str1.4
                0x10013ff9       0x5e CMakeFiles/PicoMemcard.dir/no-OS-FatFS-SD-SPI-RPi-Pico/FatFs_SPI/sd_driver/sd_spi.c.obj
 *fill*         0x10013ff9        0x3 
 .rodata.__func__.0
                0x10013ffc        0xd CMakeFiles/PicoMemcard.dir/no-OS-FatFS-SD-SPI-RPi-Pico/FatFs_SPI/sd_driver/sd_spi.c.obj
 *fill*         0x10014009        0x3 
 .rodata.__FUNCTION__.1
                0x1001400c       0x18 CMakeFiles/PicoMemcard.dir/no-OS-FatFS-SD-SPI-RPi-Pico/FatFs_SPI/sd_driver/sd_spi.c.obj
 .rodata.__FUNCTION__.2
                0x10014024       0x19 CMakeFiles/PicoMemcard.dir/no-OS-FatFS-SD-SPI-RPi-Pico/FatFs_SPI/sd_driver/sd_spi.c.obj
 .rodata.str1.4
                0x1001403d       0xcb CMakeFiles/PicoMemcard.dir/no-OS-FatFS-SD-SPI-RPi-Pico/FatFs_SPI/sd_driver/spi.c.obj
 .rodata.spi_lock.str1.4
                0x1001403d       0x23 CMakeFiles/PicoMemcard.dir/no-OS-FatFS-SD-SPI-RPi-Pico/FatFs_SPI/sd_driver/spi.c.obj
 *fill*         0x1001403d        0x3 
 .rodata.__func__.0
                0x10014040        0xb CMakeFiles/PicoMemcard.dir/no-OS-FatFS-SD-SPI-RPi-Pico/FatFs_SPI/sd_driver/spi.c.obj
 *fill*         0x1001404b        0x1 
 .rodata.__func__.1
                0x1001404c        0x9 CMakeFiles/PicoMemcard.dir/no-OS-FatFS-SD-SPI-RPi-Pico/FatFs_SPI/sd_driver/spi.c.obj
 *fill*         0x10014055        0x3 
 .rodata.__FUNCTION__.2
                0x10014058        0xd CMakeFiles/PicoMemcard.dir/no-OS-FatFS-SD-SPI-RPi-Pico/FatFs_SPI/sd_driver/spi.c.obj
 .rodata.dummy.4
                0x10014065        0x1 CMakeFiles/PicoMemcard.dir/no-OS-FatFS-SD-SPI-RPi-Pico/FatFs_SPI/sd_driver/spi.c.obj
 *fill*         0x10014066        0x2 
 .rodata.__func__.5
                0x10014068        0xd CMakeFiles/PicoMemcard.dir/no-OS-FatFS-SD-SPI-RPi-Pico/FatFs_SPI/sd_driver/spi.c.obj
 *fill*         0x10014075        0x3 
 .rodata.__func__.6
                0x10014078       0x10 CMakeFiles/PicoMemcard.dir/no-OS-FatFS-SD-SPI-RPi-Pico/FatFs_SPI/sd_driver/spi.c.obj
 .rodata.sd_write_block.constprop.0.str1.4
                0x10014088       0x84 CMakeFiles/PicoMemcard.dir/no-OS-FatFS-SD-SPI-RPi-Pico/FatFs_SPI/sd_driver/sd_card.c.obj
 .rodata.sd_cmd.str1.4
                0x10014088      0x322 CMakeFiles/PicoMemcard.dir/no-OS-FatFS-SD-SPI-RPi-Pico/FatFs_SPI/sd_driver/sd_card.c.obj
 .rodata.sd_sectors_nolock.str1.4
                0x10014088      0x1b6 CMakeFiles/PicoMemcard.dir/no-OS-FatFS-SD-SPI-RPi-Pico/FatFs_SPI/sd_driver/sd_card.c.obj
 .rodata.sd_card_detect.str1.4
                0x10014088       0x16 CMakeFiles/PicoMemcard.dir/no-OS-FatFS-SD-SPI-RPi-Pico/FatFs_SPI/sd_driver/sd_card.c.obj
 .rodata.sd_sectors.str1.4
                0x10014088       0x22 CMakeFiles/PicoMemcard.dir/no-OS-FatFS-SD-SPI-RPi-Pico/FatFs_SPI/sd_driver/sd_card.c.obj
 .rodata.sd_read_blocks.str1.4
                0x10014088       0x3d CMakeFiles/PicoMemcard.dir/no-OS-FatFS-SD-SPI-RPi-Pico/FatFs_SPI/sd_driver/sd_card.c.obj
 .rodata.sd_write_blocks.str1.4
                0x10014088       0x48 CMakeFiles/PicoMemcard.dir/no-OS-FatFS-SD-SPI-RPi-Pico/FatFs_SPI/sd_driver/sd_card.c.obj
 .rodata.sd_init_card.str1.4
                0x10014088      0x15b CMakeFiles/PicoMemcard.dir/no-OS-FatFS-SD-SPI-RPi-Pico/FatFs_SPI/sd_driver/sd_card.c.obj
 .rodata.__func__.1
                0x10014088        0xf CMakeFiles/PicoMemcard.dir/no-OS-FatFS-SD-SPI-RPi-Pico/FatFs_SPI/sd_driver/sd_card.c.obj
 *fill*         0x10014097        0x1 
 .rodata.__FUNCTION__.2
                0x10014098        0xe CMakeFiles/PicoMemcard.dir/no-OS-FatFS-SD-SPI-RPi-Pico/FatFs_SPI/sd_driver/sd_card.c.obj
 *fill*         0x100140a6        0x2 
 .rodata.__func__.3
                0x100140a8        0xa CMakeFiles/PicoMemcard.dir/no-OS-FatFS-SD-SPI-RPi-Pico/FatFs_SPI/sd_driver/sd_card.c.obj
 *fill*         0x100140b2        0x2 
 .rodata.__FUNCTION__.4
                0x100140b4        0xe CMakeFiles/PicoMemcard.dir/no-OS-FatFS-SD-SPI-RPi-Pico/FatFs_SPI/sd_driver/sd_card.c.obj
 *fill*         0x100140c2        0x2 
 .rodata.__func__.5
                0x100140c4       0x12 CMakeFiles/PicoMemcard.dir/no-OS-FatFS-SD-SPI-RPi-Pico/FatFs_SPI/sd_driver/sd_card.c.obj
 *fill*         0x100140d6        0x2 
 .rodata.__func__.6
                0x100140d8        0x8 CMakeFiles/PicoMemcard.dir/no-OS-FatFS-SD-SPI-RPi-Pico/FatFs_SPI/sd_driver/sd_card.c.obj
 .rodata.m_Crc16Table
                0x100140e0      0x200 CMakeFiles/PicoMemcard.dir/no-OS-FatFS-SD-SPI-RPi-Pico/FatFs_SPI/sd_driver/crc.c.obj
 .rodata.m_Crc7Table
                0x100142e0      0x100 CMakeFiles/PicoMemcard.dir/no-OS-FatFS-SD-SPI-RPi-Pico/FatFs_SPI/sd_driver/crc.c.obj
 .rodata.my_printf.str1.4
                0x100143e0        0x3 CMakeFiles/PicoMemcard.dir/no-OS-FatFS-SD-SPI-RPi-Pico/FatFs_SPI/src/my_debug.c.obj
 .rodata.my_assert_func.str1.4
                0x100143e0       0x39 CMakeFiles/PicoMemcard.dir/no-OS-FatFS-SD-SPI-RPi-Pico/FatFs_SPI/src/my_debug.c.obj
 .rodata.dma_claim_unused_channel.str1.4
                0x100143e0       0x1e CMakeFiles/PicoMemcard.dir/pico-sdk/src/rp2_common/hardware_dma/dma.c.obj
 .rodata._ctype_
                0x100143e0      0x101 /usr/lib/gcc/arm-none-eabi/13.2.0/../../../../arm-none-eabi/lib/thumb/v6-m/nofp/libc.a(libc_a-ctype_.o)
                0x100143e0                _ctype_
                0x100144e4                        . = ALIGN (0x4)
 *fill*         0x100144e1        0x3 
 *(SORT_BY_ALIGNMENT(SORT_BY_NAME(.flashdata*)))
                0x100144e4                        . = ALIGN (0x4)

.ARM.extab
 *(.ARM.extab* .gnu.linkonce.armextab.*)
                0x100144e4                        __exidx_start = .

.ARM.exidx
 *(.ARM.exidx* .gnu.linkonce.armexidx.*)
                0x100144e4                        __exidx_end = .
                0x100144e4                        . = ALIGN (0x4)
                0x100144e4                        __binary_info_start = .

.binary_info    0x100144e4       0x28
 *(.binary_info.keep.*)
 .binary_info.keep.__bi_ptr81
                0x100144e4        0x4 CMakeFiles/PicoMemcard.dir/pico-sdk/src/rp2_common/pico_standard_link/binary_info.c.obj
 .binary_info.keep.__bi_ptr75
                0x100144e8        0x4 CMakeFiles/PicoMemcard.dir/pico-sdk/src/rp2_common/pico_standard_link/binary_info.c.obj
 .binary_info.keep.__bi_ptr50
                0x100144ec        0x4 CMakeFiles/PicoMemcard.dir/pico-sdk/src/rp2_common/pico_standard_link/binary_info.c.obj
 .binary_info.keep.__bi_ptr44
                0x100144f0        0x4 CMakeFiles/PicoMemcard.dir/pico-sdk/src/rp2_common/pico_standard_link/binary_info.c.obj
 .binary_info.keep.__bi_ptr38
                0x100144f4        0x4 CMakeFiles/PicoMemcard.dir/pico-sdk/src/rp2_common/pico_standard_link/binary_info.c.obj
 .binary_info.keep.__bi_ptr30
                0x100144f8        0x4 CMakeFiles/PicoMemcard.dir/pico-sdk/src/rp2_common/pico_standard_link/binary_info.c.obj
 .binary_info.keep.__bi_ptr22
                0x100144fc        0x4 CMakeFiles/PicoMemcard.dir/pico-sdk/src/rp2_common/pico_standard_link/binary_info.c.obj
 .binary_info.keep.__bi_ptr152
                0x10014500        0x4 CMakeFiles/PicoMemcard.dir/pico-sdk/lib/tinyusb/hw/bsp/rp2040/family.c.obj
 *(.binary_info.*)
 .binary_info.__bi_ptr34
                0x10014504        0x4 CMakeFiles/PicoMemcard.dir/pico-sdk/src/rp2_common/pico_stdio_uart/stdio_uart.c.obj
 .binary_info.__bi_ptr33